Component: ARM Compiler 5.05 update 1 (build 106) Tool: armlink [4d0efa]

==============================================================================

Section Cross References

    main.o(.text) refers to _printf_percent.o(.ARM.Collect$$_printf_percent$$00000000) for _printf_percent
    main.o(.text) refers to _printf_d.o(.ARM.Collect$$_printf_percent$$00000009) for _printf_d
    main.o(.text) refers to _printf_dec.o(.text) for _printf_int_dec
    main.o(.text) refers to _printf_pad.o(.text) for _printf_pre_padding
    main.o(.text) refers to _printf_f.o(.ARM.Collect$$_printf_percent$$00000003) for _printf_f
    main.o(.text) refers to printf1.o(x$fpl$printf1) for _printf_fp_dec
    main.o(.text) refers to strcpy.o(.text) for strcpy
    main.o(.text) refers to os_mutex.o(.text) for OSMutexPend
    main.o(.text) refers to vprintf.o(.text) for vprintf
    main.o(.text) refers to misc.o(.text) for NVIC_Init
    main.o(.text) refers to faddsub_clz.o(x$fpl$fadd) for __aeabi_fadd
    main.o(.text) refers to cpu_a.o(.text) for CPU_SR_Save
    main.o(.text) refers to f2d.o(x$fpl$f2d) for __aeabi_f2d
    main.o(.text) refers to os_core.o(.text) for OS_Sched0
    main.o(.text) refers to __2sprintf.o(.text) for __2sprintf
    main.o(.text) refers to oled.o(.text) for OLED_Clear
    main.o(.text) refers to delay.o(.text) for delay_ms
    main.o(.text) refers to lcd.o(.text) for LCD_ShowString
    main.o(.text) refers to inv_mpu.o(.text) for mpu_dmp_get_data
    main.o(.text) refers to mpu6050.o(.text) for MPU_Get_Temperature
    main.o(.text) refers to __2printf.o(.text) for __2printf
    main.o(.text) refers to fmul.o(x$fpl$fmul) for __aeabi_fmul
    main.o(.text) refers to ffix.o(x$fpl$ffix) for __aeabi_f2iz
    main.o(.text) refers to main.o(.bss) for node_1
    main.o(.text) refers to lora_app.o(.bss) for My_LoRa_CFG
    main.o(.text) refers to main.o(.data) for float_num
    main.o(.text) refers to os_var.o(.data) for OSSchedLockNestingCtr
    main.o(.text) refers to os_flag.o(.text) for OSFlagPend
    main.o(.text) refers to stm32f10x_gpio.o(.text) for GPIO_ReadInputDataBit
    main.o(.text) refers to stm32f10x_exti.o(.text) for EXTI_ClearITPendingBit
    main.o(.text) refers to atoi.o(.text) for atoi
    main.o(.text) refers to os_time.o(.text) for OSTimeDlyHMSM
    main.o(.text) refers to rt_memclr_w.o(.text) for __aeabi_memclr4
    main.o(.text) refers to dflt_clz.o(x$fpl$dflt) for __aeabi_i2d
    main.o(.text) refers to dmul.o(x$fpl$dmul) for __aeabi_dmul
    main.o(.text) refers to dfix.o(x$fpl$dfix) for __aeabi_d2iz
    main.o(.text) refers to daddsub_clz.o(x$fpl$dsub) for __aeabi_dsub
    main.o(.text) refers to ddiv.o(x$fpl$ddiv) for __aeabi_ddiv
    main.o(.text) refers to rt_memcpy_w.o(.text) for __aeabi_memcpy4
    main.o(.text) refers to os_q.o(.text) for OSQPend
    main.o(.text) refers to strncpy.o(.text) for strncpy
    main.o(.text) refers to rtc.o(.bss) for calendar
    main.o(.text) refers to mq135.o(.data) for MQ135_ADC_ConvertedValue
    main.o(.text) refers to main.o(.constdata) for .constdata
    main.o(.text) refers to usart2.o(.data) for USART2_RX_STA
    main.o(.text) refers to usart2.o(.bss) for USART2_RX_BUF
    main.o(.text) refers to dht11.o(.text) for DHT11_Read_Data
    main.o(.text) refers to cpu_core.o(.text) for CPU_Init
    main.o(.text) refers to os_stat.o(.text) for OSStatTaskCPUUsageInit
    main.o(.text) refers to os_sem.o(.text) for OSSemCreate
    main.o(.text) refers to os_task.o(.text) for OSTaskCreate
    main.o(.text) refers to lcd.o(.data) for POINT_COLOR
    main.o(.text) refers to usart.o(.text) for uart_init
    main.o(.text) refers to usart2.o(.text) for usart2_init
    main.o(.text) refers to uart4.o(.text) for uart4_init
    main.o(.text) refers to lora_app.o(.text) for LoRa_Init
    main.o(.text) refers to led.o(.text) for LED_Init
    main.o(.text) refers to key.o(.text) for KEY_Init
    main.o(.text) refers to beep.o(.text) for BEEP_Init
    main.o(.text) refers to mq135.o(.text) for mq135_init
    main.o(.text) refers to rtc.o(.text) for RTC_Init
    system_stm32f10x.o(.text) refers to system_stm32f10x.o(.data) for SystemCoreClock
    led.o(.text) refers to stm32f10x_rcc.o(.text) for RCC_APB2PeriphClockCmd
    led.o(.text) refers to stm32f10x_gpio.o(.text) for GPIO_Init
    usart2.o(.text) refers to stm32f10x_rcc.o(.text) for RCC_APB2PeriphClockCmd
    usart2.o(.text) refers to stm32f10x_gpio.o(.text) for GPIO_Init
    usart2.o(.text) refers to misc.o(.text) for NVIC_Init
    usart2.o(.text) refers to stm32f10x_usart.o(.text) for USART_Init
    usart2.o(.text) refers to os_core.o(.text) for OSIntEnter
    usart2.o(.text) refers to os_q.o(.text) for OSQPost
    usart2.o(.text) refers to main.o(.text) for dgb_printf_safe
    usart2.o(.text) refers to vsprintf.o(.text) for vsprintf
    usart2.o(.text) refers to strlen.o(.text) for strlen
    usart2.o(.text) refers to usart2.o(.data) for USART2_RX_STA
[...]
    lora_send_cmd                            0x08017817   Thumb Code   110  lora_app.o(.text)
    LoRa_Init                                0x08017885   Thumb Code   236  lora_app.o(.text)
    LoRa_Set                                 0x08017971   Thumb Code   362  lora_app.o(.text)
    LoRa_SendData                            0x08017adb   Thumb Code   644  lora_app.o(.text)
    LoRa_ReceData                            0x08017d5f   Thumb Code   138  lora_app.o(.text)
    lora_at_response                         0x08017de9   Thumb Code    46  lora_app.o(.text)
    __use_no_semihosting                     0x08017e81   Thumb Code     2  use_no_semi_2.o(.text)
    __aeabi_uldivmod                         0x08017e83   Thumb Code     0  lludivv7m.o(.text)
    _ll_udiv                                 0x08017e83   Thumb Code   238  lludivv7m.o(.text)
    __aeabi_ldivmod                          0x08017f71   Thumb Code     0  llsdiv.o(.text)
    _ll_sdiv                                 0x08017f71   Thumb Code    72  llsdiv.o(.text)
    vprintf                                  0x08017fb9   Thumb Code     8  vprintf.o(.text)
    vsprintf                                 0x08017fc5   Thumb Code    32  vsprintf.o(.text)
    __2printf                                0x08017fe9   Thumb Code    20  __2printf.o(.text)
    __2sprintf                               0x08018001   Thumb Code    38  __2sprintf.o(.text)
    _printf_pre_padding                      0x0801802d   Thumb Code    44  _printf_pad.o(.text)
    _printf_post_padding                     0x08018059   Thumb Code    34  _printf_pad.o(.text)
    _printf_str                              0x0801807b   Thumb Code    82  _printf_str.o(.text)
    _printf_int_dec                          0x080180cd   Thumb Code   104  _printf_dec.o(.text)
    _printf_longlong_hex                     0x08018145   Thumb Code    86  _printf_hex_int_ll_ptr.o(.text)
    _printf_int_hex                          0x0801819b   Thumb Code    28  _printf_hex_int_ll_ptr.o(.text)
    _printf_ll_hex                           0x080181b7   Thumb Code    12  _printf_hex_int_ll_ptr.o(.text)
    _printf_hex_ptr                          0x080181c3   Thumb Code    18  _printf_hex_int_ll_ptr.o(.text)
    __printf                                 0x080181d9   Thumb Code   388  __printf_flags_ss_wp.o(.text)
    atoi                                     0x08018361   Thumb Code    26  atoi.o(.text)
    strstr                                   0x0801837b   Thumb Code    36  strstr.o(.text)
    memcmp                                   0x0801839f   Thumb Code    88  memcmp.o(.text)
    strcpy                                   0x080183f7   Thumb Code    72  strcpy.o(.text)
    strlen                                   0x0801843f   Thumb Code    62  strlen.o(.text)
    __aeabi_memcpy4                          0x0801847d   Thumb Code     0  rt_memcpy_w.o(.text)
    __aeabi_memcpy8                          0x0801847d   Thumb Code     0  rt_memcpy_w.o(.text)
    __rt_memcpy_w                            0x0801847d   Thumb Code   100  rt_memcpy_w.o(.text)
    _memcpy_lastbytes_aligned                0x080184c5   Thumb Code     0  rt_memcpy_w.o(.text)
    __aeabi_memset                           0x080184e1   Thumb Code    16  aeabi_memset.o(.text)
    __aeabi_memclr                           0x080184f1   Thumb Code     0  rt_memclr.o(.text)
    __rt_memclr                              0x080184f1   Thumb Code    68  rt_memclr.o(.text)
    _memset                                  0x080184f5   Thumb Code     0  rt_memclr.o(.text)
    __aeabi_memclr4                          0x08018535   Thumb Code     0  rt_memclr_w.o(.text)
    __aeabi_memclr8                          0x08018535   Thumb Code     0  rt_memclr_w.o(.text)
    __rt_memclr_w                            0x08018535   Thumb Code    78  rt_memclr_w.o(.text)
    _memset_w                                0x08018539   Thumb Code     0  rt_memclr_w.o(.text)
    strncpy                                  0x08018583   Thumb Code    86  strncpy.o(.text)
    strcmp                                   0x080185d9   Thumb Code   128  strcmpv7m.o(.text)
    __use_two_region_memory                  0x08018659   Thumb Code     2  heapauxi.o(.text)
    __rt_heap_escrow                         0x0801865b   Thumb Code     2  heapauxi.o(.text)
    __rt_heap_expand                         0x0801865d   Thumb Code     2  heapauxi.o(.text)
    __I$use$semihosting                      0x0801865f   Thumb Code     0  use_no_semi.o(.text)
    __use_no_semihosting_swi                 0x0801865f   Thumb Code     2  use_no_semi.o(.text)
    __rt_ctype_table                         0x08018661   Thumb Code    16  rt_ctype_table.o(.text)
    __aeabi_errno_addr                       0x08018671   Thumb Code     8  rt_errno_addr_intlibspace.o(.text)
    __errno$intlibspace                      0x08018671   Thumb Code     0  rt_errno_addr_intlibspace.o(.text)
    __rt_errno_addr$intlibspace              0x08018671   Thumb Code     0  rt_errno_addr_intlibspace.o(.text)
    __read_errno                             0x08018679   Thumb Code    10  _rserrno.o(.text)
    __set_errno                              0x08018683   Thumb Code    12  _rserrno.o(.text)
    _printf_truncate_signed                  0x0801868f   Thumb Code    18  _printf_truncate.o(.text)
    _printf_truncate_unsigned                0x080186a1   Thumb Code    18  _printf_truncate.o(.text)
    _printf_int_common                       0x080186b3   Thumb Code   178  _printf_intcommon.o(.text)
    _printf_charcount                        0x08018765   Thumb Code    40  _printf_charcount.o(.text)
    __lib_sel_fp_printf                      0x0801878d   Thumb Code     2  _printf_fp_dec.o(.text)
    _printf_fp_dec_real                      0x0801893b   Thumb Code   620  _printf_fp_dec.o(.text)
    _printf_char_common                      0x08018bb3   Thumb Code    32  _printf_char_common.o(.text)
    _sputc                                   0x08018bd9   Thumb Code    10  _sputc.o(.text)
    _printf_cs_common                        0x08018be3   Thumb Code    20  _printf_char.o(.text)
    _printf_char                             0x08018bf7   Thumb Code    16  _printf_char.o(.text)
    _printf_string                           0x08018c07   Thumb Code     8  _printf_char.o(.text)
    _printf_char_file                        0x08018c11   Thumb Code    32  _printf_char_file.o(.text)
    _printf_wctomb                           0x08018c35   Thumb Code   182  _printf_wctomb.o(.text)
    _printf_longlong_dec                     0x08018cf1   Thumb Code   108  _printf_longlong_dec.o(.text)
    _printf_longlong_oct                     0x08018d6d   Thumb Code    68  _printf_oct_int_ll.o(.text)
    _printf_int_oct                          0x08018db1   Thumb Code    24  _printf_oct_int_ll.o(.text)
    _printf_ll_oct                           0x08018dc9   Thumb Code    12  _printf_oct_int_ll.o(.text)
    strtol                                   0x08018ddd   Thumb Code   112  strtol.o(.text)
    __user_libspace                          0x08018e4d   Thumb Code     8  libspace.o(.text)
    __user_perproc_libspace                  0x08018e4d   Thumb Code     0  libspace.o(.text)
    __user_perthread_libspace                0x08018e4d   Thumb Code     0  libspace.o(.text)
    __rt_locale                              0x08018e55   Thumb Code     8  rt_locale_intlibspace.o(.text)
    _ll_udiv10                               0x08018e5d   Thumb Code   138  lludiv10.o(.text)
    _printf_fp_hex_real                      0x08018ee9   Thumb Code   754  _printf_fp_hex.o(.text)
    _printf_fp_infnan                        0x080191e5   Thumb Code   112  _printf_fp_infnan.o(.text)
    _printf_lcs_common                       0x08019265   Thumb Code    20  _printf_wchar.o(.text)
    _printf_wchar                            0x08019279   Thumb Code    16  _printf_wchar.o(.text)
    _printf_wstring                          0x08019289   Thumb Code     8  _printf_wchar.o(.text)
    _strtoul                                 0x08019291   Thumb Code   158  _strtoul.o(.text)
    _btod_etento                             0x08019331   Thumb Code   216  bigflt0.o(.text)
    ferror                                   0x0801940d   Thumb Code     8  ferror.o(.text)
    _wcrtomb                                 0x08019415   Thumb Code    64  _wcrtomb.o(.text)
    __user_setup_stackheap                   0x08019455   Thumb Code    74  sys_stackheap_outer.o(.text)
    _chval                                   0x0801949f   Thumb Code    28  _chval.o(.text)
    exit                                     0x080194bb   Thumb Code    12  exit.o(.text)
    _btod_d2e                                0x080194c7   Thumb Code    62  btod.o(CL$$btod_d2e)
    _d2e_denorm_low                          0x08019505   Thumb Code    70  btod.o(CL$$btod_d2e_denorm_low)
    _d2e_norm_op1                            0x0801954b   Thumb Code    96  btod.o(CL$$btod_d2e_norm_op1)
    __btod_div_common                        0x080195ab   Thumb Code   696  btod.o(CL$$btod_div_common)
    _e2e                                     0x080198e3   Thumb Code   198  btod.o(CL$$btod_e2e)
    _btod_ediv                               0x080199a9   Thumb Code    40  btod.o(CL$$btod_ediv)
    _btod_emul                               0x080199d1   Thumb Code    40  btod.o(CL$$btod_emul)
    __btod_mult_common                       0x080199f9   Thumb Code   580  btod.o(CL$$btod_mult_common)
    OSStartHighRdy                           0x08019c3d   Thumb Code     0  os_cpu_a.o(CODE)
    PendSV_Handler                           0x08019c73   Thumb Code     0  os_cpu_a.o(CODE)
    __ARM_fpclassify                         0x08019cd5   Thumb Code    40  fpclassify.o(i.__ARM_fpclassify)
    __kernel_poly                            0x08019cfd   Thumb Code   170  poly.o(i.__kernel_poly)
    __mathlib_dbl_infnan                     0x08019da7   Thumb Code     6  dunder.o(i.__mathlib_dbl_infnan)
    __mathlib_dbl_infnan2                    0x08019dad   Thumb Code     4  dunder.o(i.__mathlib_dbl_infnan2)
    __mathlib_dbl_invalid                    0x08019db1   Thumb Code    12  dunder.o(i.__mathlib_dbl_invalid)
    __mathlib_dbl_underflow                  0x08019dbd   Thumb Code    10  dunder.o(i.__mathlib_dbl_underflow)
    _is_digit                                0x08019dcd   Thumb Code    14  __printf_wp.o(i._is_digit)
    asin                                     0x08019ddd   Thumb Code   572  asin.o(i.asin)
    atan                                     0x0801a04d   Thumb Code   474  atan.o(i.atan)
    atan2                                    0x0801a26d   Thumb Code   346  atan2.o(i.atan2)
    sqrt                                     0x0801a3ed   Thumb Code    76  sqrt.o(i.sqrt)
    _get_lc_ctype                            0x0801a439   Thumb Code    44  lc_ctype_c.o(locale$$code)
    _get_lc_numeric                          0x0801a465   Thumb Code    44  lc_numeric_c.o(locale$$code)
    __aeabi_d2f                              0x0801a491   Thumb Code     0  d2f.o(x$fpl$d2f)
    _d2f                                     0x0801a491   Thumb Code    98  d2f.o(x$fpl$d2f)
    __aeabi_dadd                             0x0801a4f5   Thumb Code     0  daddsub_clz.o(x$fpl$dadd)
    _dadd                                    0x0801a4f5   Thumb Code   332  daddsub_clz.o(x$fpl$dadd)
    __fpl_dcheck_NaN1                        0x0801a645   Thumb Code    10  dcheck1.o(x$fpl$dcheck1)
    __aeabi_ddiv                             0x0801a655   Thumb Code     0  ddiv.o(x$fpl$ddiv)
    _ddiv                                    0x0801a655   Thumb Code   552  ddiv.o(x$fpl$ddiv)
    __aeabi_d2iz                             0x0801a905   Thumb Code     0  dfix.o(x$fpl$dfix)
    _dfix                                    0x0801a905   Thumb Code    94  dfix.o(x$fpl$dfix)
    __aeabi_d2uiz                            0x0801a965   Thumb Code     0  dfixu.o(x$fpl$dfixu)
    _dfixu                                   0x0801a965   Thumb Code    90  dfixu.o(x$fpl$dfixu)
    __aeabi_i2d                              0x0801a9bf   Thumb Code     0  dflt_clz.o(x$fpl$dflt)
    _dflt                                    0x0801a9bf   Thumb Code    46  dflt_clz.o(x$fpl$dflt)
    __aeabi_ui2d                             0x0801a9ed   Thumb Code     0  dflt_clz.o(x$fpl$dfltu)
    _dfltu                                   0x0801a9ed   Thumb Code    38  dflt_clz.o(x$fpl$dfltu)
    __aeabi_dmul                             0x0801aa15   Thumb Code     0  dmul.o(x$fpl$dmul)
    _dmul                                    0x0801aa15   Thumb Code   332  dmul.o(x$fpl$dmul)
    __fpl_dnaninf                            0x0801ab69   Thumb Code   156  dnaninf.o(x$fpl$dnaninf)
    __fpl_dretinf                            0x0801ac05   Thumb Code    12  dretinf.o(x$fpl$dretinf)
    __aeabi_drsub                            0x0801ac11   Thumb Code     0  daddsub_clz.o(x$fpl$drsb)
    _drsb                                    0x0801ac11   Thumb Code    22  daddsub_clz.o(x$fpl$drsb)
    _dsqrt                                   0x0801ac29   Thumb Code   456  dsqrt_noumaal.o(x$fpl$dsqrt)
    __aeabi_dsub                             0x0801adf5   Thumb Code     0  daddsub_clz.o(x$fpl$dsub)
    _dsub                                    0x0801adf5   Thumb Code   464  daddsub_clz.o(x$fpl$dsub)
    __aeabi_f2d                              0x0801afc9   Thumb Code     0  f2d.o(x$fpl$f2d)
    _f2d                                     0x0801afc9   Thumb Code    86  f2d.o(x$fpl$f2d)
    __aeabi_fadd                             0x0801b021   Thumb Code     0  faddsub_clz.o(x$fpl$fadd)
    _fadd                                    0x0801b021   Thumb Code   196  faddsub_clz.o(x$fpl$fadd)
    __fpl_fcmp_Inf                           0x0801b0e5   Thumb Code    24  fcmpi.o(x$fpl$fcmpinf)
    __aeabi_fdiv                             0x0801b0fd   Thumb Code     0  fdiv.o(x$fpl$fdiv)
    _fdiv                                    0x0801b0fd   Thumb Code   384  fdiv.o(x$fpl$fdiv)
    __aeabi_cfcmpeq                          0x0801b281   Thumb Code     0  feqf.o(x$fpl$feqf)
    _fcmpeq                                  0x0801b281   Thumb Code   104  feqf.o(x$fpl$feqf)
    __aeabi_f2iz                             0x0801b2e9   Thumb Code     0  ffix.o(x$fpl$ffix)
    _ffix                                    0x0801b2e9   Thumb Code    54  ffix.o(x$fpl$ffix)
    __aeabi_f2uiz                            0x0801b321   Thumb Code     0  ffixu.o(x$fpl$ffixu)
    _ffixu                                   0x0801b321   Thumb Code    62  ffixu.o(x$fpl$ffixu)
    __aeabi_i2f                              0x0801b361   Thumb Code     0  fflt_clz.o(x$fpl$fflt)
    _fflt                                    0x0801b361   Thumb Code    48  fflt_clz.o(x$fpl$fflt)
    __aeabi_ui2f                             0x0801b391   Thumb Code     0  fflt_clz.o(x$fpl$ffltu)
    _ffltu                                   0x0801b391   Thumb Code    38  fflt_clz.o(x$fpl$ffltu)
    __aeabi_cfcmple                          0x0801b3b9   Thumb Code     0  fleqf.o(x$fpl$fleqf)
    _fcmple                                  0x0801b3b9   Thumb Code   104  fleqf.o(x$fpl$fleqf)
    __fpl_fcmple_InfNaN                      0x0801b40b   Thumb Code     0  fleqf.o(x$fpl$fleqf)
    __aeabi_fmul                             0x0801b421   Thumb Code     0  fmul.o(x$fpl$fmul)
    _fmul                                    0x0801b421   Thumb Code   258  fmul.o(x$fpl$fmul)
    __fpl_fnaninf                            0x0801b523   Thumb Code   140  fnaninf.o(x$fpl$fnaninf)
    __fpl_fretinf                            0x0801b5af   Thumb Code    10  fretinf.o(x$fpl$fretinf)
    __aeabi_cfrcmple                         0x0801b5b9   Thumb Code     0  frleqf.o(x$fpl$frleqf)
    _frcmple                                 0x0801b5b9   Thumb Code    98  frleqf.o(x$fpl$frleqf)
    __aeabi_fsub                             0x0801b61d   Thumb Code     0  faddsub_clz.o(x$fpl$fsub)
    _fsub                                    0x0801b61d   Thumb Code   234  faddsub_clz.o(x$fpl$fsub)
    _printf_fp_dec                           0x0801b707   Thumb Code     4  printf1.o(x$fpl$printf1)
    _printf_fp_hex                           0x0801b70b   Thumb Code     4  printf2.o(x$fpl$printf2)
    __fpl_return_NaN                         0x0801b70f   Thumb Code   100  retnan.o(x$fpl$retnan)
    __ARM_scalbn                             0x0801b773   Thumb Code    92  scalbn.o(x$fpl$scalbn)
    __fpl_cmpreturn                          0x0801b7cf   Thumb Code    48  trapv.o(x$fpl$trapveneer)
    __I$use$fp                               0x0801b7fe   Number         0  usenofp.o(x$fpl$usenofp)
    F6x8                                     0x0801b828   Data         552  oled.o(.constdata)
    F8X16                                    0x0801ba50   Data        1520  oled.o(.constdata)
    Hzk                                      0x0801c040   Data        1216  oled.o(.constdata)
    table_week                               0x0801c500   Data          12  rtc.o(.constdata)
    mon_table                                0x0801c50c   Data          12  rtc.o(.constdata)
    reg                                      0x0801c518   Data          27  inv_mpu.o(.constdata)
    hw                                       0x0801c534   Data          12  inv_mpu.o(.constdata)
    test                                     0x0801c540   Data          40  inv_mpu.o(.constdata)
    asc2_1206                                0x0801d15e   Data        1140  lcd.o(.constdata)
    asc2_1608                                0x0801d5d2   Data        1520  lcd.o(.constdata)
    asc2_2412                                0x0801dbc2   Data        3420  lcd.o(.constdata)
    CPU_EndiannessTest                       0x0801ea20   Data           4  cpu_core.o(.constdata)
    OSCfg_IdleTaskStkBasePtr                 0x0801eab8   Data           4  os_cfg_app.o(.constdata)
    OSCfg_IdleTaskStkLimit                   0x0801eabc   Data           4  os_cfg_app.o(.constdata)
    OSCfg_IdleTaskStkSize                    0x0801eac0   Data           4  os_cfg_app.o(.constdata)
    OSCfg_IdleTaskStkSizeRAM                 0x0801eac4   Data           4  os_cfg_app.o(.constdata)
    OSCfg_IntQBasePtr                        0x0801eac8   Data           4  os_cfg_app.o(.constdata)
    OSCfg_IntQSize                           0x0801eacc   Data           2  os_cfg_app.o(.constdata)
    OSCfg_IntQSizeRAM                        0x0801ead0   Data           4  os_cfg_app.o(.constdata)
    OSCfg_IntQTaskStkBasePtr                 0x0801ead4   Data           4  os_cfg_app.o(.constdata)
    OSCfg_IntQTaskStkLimit                   0x0801ead8   Data           4  os_cfg_app.o(.constdata)
    OSCfg_IntQTaskStkSize                    0x0801eadc   Data           4  os_cfg_app.o(.constdata)
    OSCfg_IntQTaskStkSizeRAM                 0x0801eae0   Data           4  os_cfg_app.o(.constdata)
    OSCfg_ISRStkBasePtr                      0x0801eae4   Data           4  os_cfg_app.o(.constdata)
    OSCfg_ISRStkSize                         0x0801eae8   Data           4  os_cfg_app.o(.constdata)
    OSCfg_ISRStkSizeRAM                      0x0801eaec   Data           4  os_cfg_app.o(.constdata)
    OSCfg_MsgPoolSize                        0x0801eaf0   Data           2  os_cfg_app.o(.constdata)
    OSCfg_MsgPoolSizeRAM                     0x0801eaf4   Data           4  os_cfg_app.o(.constdata)
    OSCfg_MsgPoolBasePtr                     0x0801eaf8   Data           4  os_cfg_app.o(.constdata)
    OSCfg_StatTaskPrio                       0x0801eafc   Data           1  os_cfg_app.o(.constdata)
    OSCfg_StatTaskRate_Hz                    0x0801eb00   Data           4  os_cfg_app.o(.constdata)
    OSCfg_StatTaskStkBasePtr                 0x0801eb04   Data           4  os_cfg_app.o(.constdata)
    OSCfg_StatTaskStkLimit                   0x0801eb08   Data           4  os_cfg_app.o(.constdata)
    OSCfg_StatTaskStkSize                    0x0801eb0c   Data           4  os_cfg_app.o(.constdata)
    OSCfg_StatTaskStkSizeRAM                 0x0801eb10   Data           4  os_cfg_app.o(.constdata)
    OSCfg_StkSizeMin                         0x0801eb14   Data           4  os_cfg_app.o(.constdata)
    OSCfg_TickRate_Hz                        0x0801eb18   Data           4  os_cfg_app.o(.constdata)
    OSCfg_TickTaskPrio                       0x0801eb1c   Data           1  os_cfg_app.o(.constdata)
    OSCfg_TickTaskStkBasePtr                 0x0801eb20   Data           4  os_cfg_app.o(.constdata)
    OSCfg_TickTaskStkLimit                   0x0801eb24   Data           4  os_cfg_app.o(.constdata)
    OSCfg_TickTaskStkSize                    0x0801eb28   Data           4  os_cfg_app.o(.constdata)
    OSCfg_TickTaskStkSizeRAM                 0x0801eb2c   Data           4  os_cfg_app.o(.constdata)
    OSCfg_TickWheelSize                      0x0801eb30   Data           2  os_cfg_app.o(.constdata)
    OSCfg_TickWheelSizeRAM                   0x0801eb34   Data           4  os_cfg_app.o(.constdata)
    OSCfg_TmrTaskPrio                        0x0801eb38   Data           1  os_cfg_app.o(.constdata)
    OSCfg_TmrTaskRate_Hz                     0x0801eb3c   Data           4  os_cfg_app.o(.constdata)
    OSCfg_TmrTaskStkBasePtr                  0x0801eb40   Data           4  os_cfg_app.o(.constdata)
    OSCfg_TmrTaskStkLimit                    0x0801eb44   Data           4  os_cfg_app.o(.constdata)
    OSCfg_TmrTaskStkSize                     0x0801eb48   Data           4  os_cfg_app.o(.constdata)
    OSCfg_TmrTaskStkSizeRAM                  0x0801eb4c   Data           4  os_cfg_app.o(.constdata)
    OSCfg_TmrWheelSize                       0x0801eb50   Data           2  os_cfg_app.o(.constdata)
    OSCfg_TmrWheelSizeRAM                    0x0801eb54   Data           4  os_cfg_app.o(.constdata)
    OSCfg_DataSizeRAM                        0x0801eb58   Data           4  os_cfg_app.o(.constdata)
    OSDbg_DbgEn                              0x0801eb5c   Data           2  os_dbg.o(.constdata)
    OSDbg_ArgChkEn                           0x0801eb5e   Data           1  os_dbg.o(.constdata)
    OSDbg_AppHooksEn                         0x0801eb5f   Data           1  os_dbg.o(.constdata)
    OSDbg_EndiannessTest                     0x0801eb60   Data           4  os_dbg.o(.constdata)
    OSDbg_CalledFromISRChkEn                 0x0801eb64   Data           1  os_dbg.o(.constdata)
    OSDbg_FlagEn                             0x0801eb65   Data           1  os_dbg.o(.constdata)
    OSDbg_FlagGrp                            0x0801eb68   Data          40  os_dbg.o(.constdata)
    OSDbg_FlagDelEn                          0x0801eb90   Data           1  os_dbg.o(.constdata)
    OSDbg_FlagModeClrEn                      0x0801eb91   Data           1  os_dbg.o(.constdata)
    OSDbg_FlagPendAbortEn                    0x0801eb92   Data           1  os_dbg.o(.constdata)
    OSDbg_FlagGrpSize                        0x0801eb94   Data           2  os_dbg.o(.constdata)
    OSDbg_FlagWidth                          0x0801eb96   Data           2  os_dbg.o(.constdata)
    OSDbg_IntQ                               0x0801eb98   Data           2  os_dbg.o(.constdata)
    OSDbg_ISRPostDeferredEn                  0x0801eb9a   Data           1  os_dbg.o(.constdata)
    OSDbg_Mem                                0x0801eb9c   Data          32  os_dbg.o(.constdata)
    OSDbg_MemEn                              0x0801ebbc   Data           1  os_dbg.o(.constdata)
    OSDbg_MemSize                            0x0801ebbe   Data           2  os_dbg.o(.constdata)
    OSDbg_MsgEn                              0x0801ebc0   Data           1  os_dbg.o(.constdata)
    OSDbg_MsgSize                            0x0801ebc2   Data           2  os_dbg.o(.constdata)
    OSDbg_MsgPoolSize                        0x0801ebc4   Data           2  os_dbg.o(.constdata)
    OSDbg_MsgQSize                           0x0801ebc6   Data           2  os_dbg.o(.constdata)
    OSDbg_Mutex                              0x0801ebc8   Data          44  os_dbg.o(.constdata)
    OSDbg_MutexEn                            0x0801ebf4   Data           1  os_dbg.o(.constdata)
    OSDbg_MutexDelEn                         0x0801ebf5   Data           1  os_dbg.o(.constdata)
    OSDbg_MutexPendAbortEn                   0x0801ebf6   Data           1  os_dbg.o(.constdata)
    OSDbg_MutexSize                          0x0801ebf8   Data           2  os_dbg.o(.constdata)
    OSDbg_ObjTypeChkEn                       0x0801ebfa   Data           1  os_dbg.o(.constdata)
    OSDbg_PendMultiEn                        0x0801ebfb   Data           1  os_dbg.o(.constdata)
    OSDbg_PendDataSize                       0x0801ebfc   Data           2  os_dbg.o(.constdata)
    OSDbg_PendListSize                       0x0801ebfe   Data           2  os_dbg.o(.constdata)
    OSDbg_PendObjSize                        0x0801ec00   Data           2  os_dbg.o(.constdata)
    OSDbg_PrioMax                            0x0801ec02   Data           2  os_dbg.o(.constdata)
    OSDbg_PrioTblSize                        0x0801ec04   Data           2  os_dbg.o(.constdata)
    OSDbg_PtrSize                            0x0801ec06   Data           2  os_dbg.o(.constdata)
    OSDbg_Q                                  0x0801ec08   Data          48  os_dbg.o(.constdata)
    OSDbg_QEn                                0x0801ec38   Data           1  os_dbg.o(.constdata)
    OSDbg_QDelEn                             0x0801ec39   Data           1  os_dbg.o(.constdata)
    OSDbg_QFlushEn                           0x0801ec3a   Data           1  os_dbg.o(.constdata)
    OSDbg_QPendAbortEn                       0x0801ec3b   Data           1  os_dbg.o(.constdata)
    OSDbg_QSize                              0x0801ec3c   Data           2  os_dbg.o(.constdata)
    OSDbg_SchedRoundRobinEn                  0x0801ec3e   Data           1  os_dbg.o(.constdata)
    OSDbg_Sem                                0x0801ec40   Data          40  os_dbg.o(.constdata)
    OSDbg_SemEn                              0x0801ec68   Data           1  os_dbg.o(.constdata)
    OSDbg_SemDelEn                           0x0801ec69   Data           1  os_dbg.o(.constdata)
    OSDbg_SemPendAbortEn                     0x0801ec6a   Data           1  os_dbg.o(.constdata)
    OSDbg_SemSetEn                           0x0801ec6b   Data           1  os_dbg.o(.constdata)
    OSDbg_SemSize                            0x0801ec6c   Data           2  os_dbg.o(.constdata)
    OSDbg_RdyList                            0x0801ec6e   Data           2  os_dbg.o(.constdata)
    OSDbg_RdyListSize                        0x0801ec70   Data           4  os_dbg.o(.constdata)
    OSDbg_StkWidth                           0x0801ec74   Data           1  os_dbg.o(.constdata)
    OSDbg_StatTaskEn                         0x0801ec75   Data           1  os_dbg.o(.constdata)
    OSDbg_StatTaskStkChkEn                   0x0801ec76   Data           1  os_dbg.o(.constdata)
    OSDbg_TaskChangePrioEn                   0x0801ec77   Data           1  os_dbg.o(.constdata)
    OSDbg_TaskDelEn                          0x0801ec78   Data           1  os_dbg.o(.constdata)
    OSDbg_TaskQEn                            0x0801ec79   Data           1  os_dbg.o(.constdata)
    OSDbg_TaskQPendAbortEn                   0x0801ec7a   Data           1  os_dbg.o(.constdata)
    OSDbg_TaskProfileEn                      0x0801ec7b   Data           1  os_dbg.o(.constdata)
    OSDbg_TaskRegTblSize                     0x0801ec7c   Data           2  os_dbg.o(.constdata)
    OSDbg_TaskSemPendAbortEn                 0x0801ec7e   Data           1  os_dbg.o(.constdata)
    OSDbg_TaskSuspendEn                      0x0801ec7f   Data           1  os_dbg.o(.constdata)
    OSDbg_TCBSize                            0x0801ec80   Data           2  os_dbg.o(.constdata)
    OSDbg_TickSpokeSize                      0x0801ec82   Data           2  os_dbg.o(.constdata)
    OSDbg_TimeDlyHMSMEn                      0x0801ec84   Data           1  os_dbg.o(.constdata)
    OSDbg_TimeDlyResumeEn                    0x0801ec85   Data           1  os_dbg.o(.constdata)
    OSDbg_TLS_TblSize                        0x0801ec86   Data           2  os_dbg.o(.constdata)
    OSDbg_Tmr                                0x0801ec88   Data          52  os_dbg.o(.constdata)
    OSDbg_TmrEn                              0x0801ecbc   Data           1  os_dbg.o(.constdata)
    OSDbg_TmrDelEn                           0x0801ecbd   Data           1  os_dbg.o(.constdata)
    OSDbg_TmrSize                            0x0801ecbe   Data           2  os_dbg.o(.constdata)
    OSDbg_TmrSpokeSize                       0x0801ecc0   Data           2  os_dbg.o(.constdata)
    OSDbg_VersionNbr                         0x0801ecc2   Data           2  os_dbg.o(.constdata)
    OSDbg_DataSize                           0x0801ecc4   Data           4  os_dbg.o(.constdata)
    __mathlib_zero                           0x0801edf8   Data           8  qnan.o(.constdata)
    Region$$Table$$Base                      0x0801ef0c   Number         0  anon$$obj.o(Region$$Table)
    Region$$Table$$Limit                     0x0801ef2c   Number         0  anon$$obj.o(Region$$Table)
    __ctype                                  0x0801ef39   Data           0  lc_ctype_c.o(locale$$data)
    g_oled_display_flag                      0x20000000   Data           4  main.o(.data)
    g_oled_display_time_count                0x20000004   Data           4  main.o(.data)
    SystemCoreClock                          0x2000000c   Data           4  system_stm32f10x.o(.data)
    AHBPrescTable                            0x20000010   Data          16  system_stm32f10x.o(.data)
    USART2_RX_STA                            0x20000020   Data           2  usart2.o(.data)
    USART3_RX_STA                            0x20000024   Data           2  usart3.o(.data)
    UART4_RX_STA                             0x2000002c   Data           2  uart4.o(.data)
    MQ135_ADC_ConvertedValue                 0x20000036   Data           2  mq135.o(.data)
    POINT_COLOR                              0x2000006e   Data           2  lcd.o(.data)
    BACK_COLOR                               0x20000070   Data           2  lcd.o(.data)
    __stdout                                 0x20000078   Data           4  usart.o(.data)
    USART_RX_STA                             0x2000007c   Data           2  usart.o(.data)
    CPU_TS_TmrFreq_Hz                        0x20000094   Data           4  cpu_core.o(.data)
    Mem_PoolTbl                              0x20000098   Data           4  lib_mem.o(.data)
    OSPrioTbl                                0x2000009c   Data           8  os_prio.o(.data)
    OS_AppTaskCreateHookPtr                  0x200000a4   Data           4  os_var.o(.data)
    OS_AppTaskDelHookPtr                     0x200000a8   Data           4  os_var.o(.data)
    OS_AppTaskReturnHookPtr                  0x200000ac   Data           4  os_var.o(.data)
    OS_AppIdleTaskHookPtr                    0x200000b0   Data           4  os_var.o(.data)
    OS_AppStatTaskHookPtr                    0x200000b4   Data           4  os_var.o(.data)
    OS_AppTaskSwHookPtr                      0x200000b8   Data           4  os_var.o(.data)
    OS_AppTimeTickHookPtr                    0x200000bc   Data           4  os_var.o(.data)
    OSIdleTaskCtr                            0x200000c0   Data           4  os_var.o(.data)
    OSIntNestingCtr                          0x200000c4   Data           1  os_var.o(.data)
    OSRunning                                0x200000c5   Data           1  os_var.o(.data)
    OSIntQInPtr                              0x200000c8   Data           4  os_var.o(.data)
    OSIntQOutPtr                             0x200000cc   Data           4  os_var.o(.data)
    OSIntQNbrEntries                         0x200000d0   Data           2  os_var.o(.data)
    OSIntQNbrEntriesMax                      0x200000d2   Data           2  os_var.o(.data)
    OSIntQOvfCtr                             0x200000d4   Data           2  os_var.o(.data)
    OSIntQTaskTimeMax                        0x200000d8   Data           4  os_var.o(.data)
    OSFlagDbgListPtr                         0x200000dc   Data           4  os_var.o(.data)
    OSFlagQty                                0x200000e0   Data           2  os_var.o(.data)
    OSMemDbgListPtr                          0x200000e4   Data           4  os_var.o(.data)
    OSMemQty                                 0x200000e8   Data           2  os_var.o(.data)
    OSMutexDbgListPtr                        0x200000ec   Data           4  os_var.o(.data)
    OSMutexQty                               0x200000f0   Data           2  os_var.o(.data)
    OSPrioCur                                0x200000f2   Data           1  os_var.o(.data)
    OSPrioHighRdy                            0x200000f3   Data           1  os_var.o(.data)
    OSPrioSaved                              0x200000f4   Data           1  os_var.o(.data)
    OSQDbgListPtr                            0x200000f8   Data           4  os_var.o(.data)
    OSQQty                                   0x200000fc   Data           2  os_var.o(.data)
    OSSchedLockTimeBegin                     0x20000100   Data           4  os_var.o(.data)
    OSSchedLockTimeMax                       0x20000104   Data           4  os_var.o(.data)
    OSSchedLockTimeMaxCur                    0x20000108   Data           4  os_var.o(.data)
    OSSchedLockNestingCtr                    0x2000010c   Data           1  os_var.o(.data)
    OSSchedRoundRobinDfltTimeQuanta          0x20000110   Data           4  os_var.o(.data)
    OSSchedRoundRobinEn                      0x20000114   Data           1  os_var.o(.data)
    OSSemDbgListPtr                          0x20000118   Data           4  os_var.o(.data)
    OSSemQty                                 0x2000011c   Data           2  os_var.o(.data)
    OSStatResetFlag                          0x2000011e   Data           1  os_var.o(.data)
    OSStatTaskCPUUsage                       0x20000120   Data           2  os_var.o(.data)
    OSStatTaskCPUUsageMax                    0x20000122   Data           2  os_var.o(.data)
    OSStatTaskCtr                            0x20000124   Data           4  os_var.o(.data)
    OSStatTaskCtrMax                         0x20000128   Data           4  os_var.o(.data)
    OSStatTaskCtrRun                         0x2000012c   Data           4  os_var.o(.data)
    OSStatTaskRdy                            0x20000130   Data           1  os_var.o(.data)
    OSStatTaskTimeMax                        0x20000134   Data           4  os_var.o(.data)
    OSTaskCtxSwCtr                           0x20000138   Data           4  os_var.o(.data)
    OSTaskDbgListPtr                         0x2000013c   Data           4  os_var.o(.data)
    OSTaskQty                                0x20000140   Data           2  os_var.o(.data)
    OSTaskRegNextAvailID                     0x20000142   Data           1  os_var.o(.data)
    OSTickCtr                                0x20000144   Data           4  os_var.o(.data)
    OSTickTaskTimeMax                        0x20000148   Data           4  os_var.o(.data)
    OSTmrDbgListPtr                          0x2000014c   Data           4  os_var.o(.data)
    OSTmrQty                                 0x20000150   Data           2  os_var.o(.data)
    OSTmrTaskTimeMax                         0x20000154   Data           4  os_var.o(.data)
    OSTmrTickCtr                             0x20000158   Data           4  os_var.o(.data)
    OSTmrUpdateCnt                           0x2000015c   Data           4  os_var.o(.data)
    OSTmrUpdateCtr                           0x20000160   Data           4  os_var.o(.data)
    OSTCBCurPtr                              0x20000164   Data           4  os_var.o(.data)
    OSTCBHighRdyPtr                          0x20000168   Data           4  os_var.o(.data)
    OS_CPU_ExceptStkBase                     0x2000016c   Data           4  os_cpu_c.o(.data)
    EXTI_InitStructure                       0x20000170   Data           8  lora_app.o(.data)
    NVIC_InitStructure                       0x20000178   Data           4  lora_app.o(.data)
    Lora_mode                                0x2000017c   Data           1  lora_app.o(.data)
    Dire_Date                                0x2000017e   Data           5  lora_app.o(.data)
    obj_addr                                 0x20000184   Data           4  lora_app.o(.data)
    obj_chn                                  0x20000188   Data           1  lora_app.o(.data)
    StartTaskTCB                             0x20000190   Data         196  main.o(.bss)
    START_TASK_STK                           0x20000254   Data        2048  main.o(.bss)
    DHT11_Task_TCB                           0x20000a54   Data         196  main.o(.bss)
    DHT11_TASK_STK                           0x20000b18   Data         512  main.o(.bss)
    TDLAS_Task_TCB                           0x20000d18   Data         196  main.o(.bss)
    TDLAS_TASK_STK                           0x20000ddc   Data        2048  main.o(.bss)
    MQ135_Task_TCB                           0x200015dc   Data         196  main.o(.bss)
    MQ135_TASK_STK                           0x200016a0   Data         512  main.o(.bss)
    MQ4_Task_TCB                             0x200018a0   Data         196  main.o(.bss)
    MQ4_TASK_STK                             0x20001964   Data         512  main.o(.bss)
    IWG_Task_TCB                             0x20001b64   Data         196  main.o(.bss)
    IWG_TASK_STK                             0x20001c28   Data         512  main.o(.bss)
    SAVE_Task_TCB                            0x20001e28   Data         196  main.o(.bss)
    SAVE_TASK_STK                            0x20001eec   Data        2048  main.o(.bss)
    LORA_Task_TCB                            0x200026ec   Data         196  main.o(.bss)
    LORA_TASK_STK                            0x200027b0   Data        2048  main.o(.bss)
    RTC_Task_TCB                             0x20002fb0   Data         196  main.o(.bss)
    RTC_TASK_STK                             0x20003074   Data         512  main.o(.bss)
    Led0TaskTCB                              0x20003274   Data         196  main.o(.bss)
    LED0_TASK_STK                            0x20003338   Data         512  main.o(.bss)
    Led1TaskTCB                              0x20003538   Data         196  main.o(.bss)
    LED1_TASK_STK                            0x200035fc   Data         512  main.o(.bss)
    BEEP_Task_TCB                            0x200037fc   Data         196  main.o(.bss)
    BEEP_TASK_STK                            0x200038c0   Data         512  main.o(.bss)
    KEY_Task_TCB                             0x20003ac0   Data         196  main.o(.bss)
    KEY_TASK_STK                             0x20003b84   Data         512  main.o(.bss)
    Mpu6050TaskTCB                           0x20003d84   Data         196  main.o(.bss)
    MPU6050_TASK_STK                         0x20003e48   Data         512  main.o(.bss)
    TASK_STA_Task_TCB                        0x20004048   Data         196  main.o(.bss)
    TASK_STA_TASK_STK                        0x2000410c   Data         512  main.o(.bss)
    FloatTaskTCB                             0x2000430c   Data         196  main.o(.bss)
    FLOAT_TASK_STK                           0x200043d0   Data         512  main.o(.bss)
    g_flag_grp                               0x200045d0   Data          40  main.o(.bss)
    g_sem_led                                0x200045f8   Data          40  main.o(.bss)
    g_sem_beep                               0x20004620   Data          40  main.o(.bss)
    g_mutex_printf                           0x20004648   Data          44  main.o(.bss)
    g_mutex_oled                             0x20004674   Data          44  main.o(.bss)
    g_mutex_lcd                              0x200046a0   Data          44  main.o(.bss)
    g_mutex_TDLAS                            0x200046cc   Data          44  main.o(.bss)
    g_mutex_DHT11                            0x200046f8   Data          44  main.o(.bss)
    g_mutex_NODE                             0x20004724   Data          44  main.o(.bss)
    g_queue_usart1                           0x20004750   Data          48  main.o(.bss)
    g_queue_usart2                           0x20004780   Data          48  main.o(.bss)
    g_queue_usart3                           0x200047b0   Data          48  main.o(.bss)
    g_queue_usart4                           0x200047e0   Data          48  main.o(.bss)
    g_queue_usart5                           0x20004810   Data          48  main.o(.bss)
    g_queue_dht11_to_lora                    0x20004840   Data          48  main.o(.bss)
    g_queue_dht11_to_txt                     0x20004870   Data          48  main.o(.bss)
    g_queue_TDLAS_to_lora                    0x200048a0   Data          48  main.o(.bss)
    g_queue_TDLAS_to_txt                     0x200048d0   Data          48  main.o(.bss)
    g_queue_MQ135_to_lora                    0x20004900   Data          48  main.o(.bss)
    g_queue_MQ135_to_txt                     0x20004930   Data          48  main.o(.bss)
    g_queue_MQ4_to_lora                      0x20004960   Data          48  main.o(.bss)
    g_queue_MQ4_to_txt                       0x20004990   Data          48  main.o(.bss)
    temp_buf                                 0x200049c0   Data          16  main.o(.bss)
    humi_buf                                 0x200049d0   Data          16  main.o(.bss)
    TDLAS                                    0x200049e0   Data          20  main.o(.bss)
    MQ135                                    0x200049f4   Data          20  main.o(.bss)
    MQ4                                      0x20004a08   Data          20  main.o(.bss)
    node_1                                   0x20004a1c   Data          44  main.o(.bss)
    USART2_RX_BUF                            0x20004a48   Data         600  usart2.o(.bss)
    USART2_TX_BUF                            0x20004ca0   Data         600  usart2.o(.bss)
    USART3_RX_BUF                            0x20004ef8   Data        1024  usart3.o(.bss)
    USART3_TX_BUF                            0x200052f8   Data         600  usart3.o(.bss)
    USART_InitStructure                      0x20005550   Data          16  usart3.o(.bss)
    UART4_RX_BUF                             0x20005560   Data         600  uart4.o(.bss)
    UART4_TX_BUF                             0x200057b8   Data         600  uart4.o(.bss)
    calendar                                 0x20005a10   Data          10  rtc.o(.bss)
    lcddev                                   0x20005a2c   Data          14  lcd.o(.bss)
    USART_RX_BUF                             0x20005a3a   Data         200  usart.o(.bss)
    CPU_Name                                 0x20005b02   Data          16  cpu_core.o(.bss)
    Mem_PoolHeap                             0x20005b14   Data          72  lib_mem.o(.bss)
    Mem_Heap                                 0x20005b5c   Data        1024  lib_mem.o(.bss)
    OSCfg_IdleTaskStk                        0x20005f5c   Data         512  os_cfg_app.o(.bss)
    OSCfg_IntQ                               0x2000615c   Data         320  os_cfg_app.o(.bss)
    OSCfg_IntQTaskStk                        0x2000629c   Data         512  os_cfg_app.o(.bss)
    OSCfg_ISRStk                             0x2000649c   Data         512  os_cfg_app.o(.bss)
    OSCfg_MsgPool                            0x2000669c   Data        1600  os_cfg_app.o(.bss)
    OSCfg_StatTaskStk                        0x20006cdc   Data         512  os_cfg_app.o(.bss)
    OSCfg_TickTaskStk                        0x20006edc   Data         512  os_cfg_app.o(.bss)
    OSCfg_TickWheel                          0x200070dc   Data         136  os_cfg_app.o(.bss)
    OSCfg_TmrTaskStk                         0x20007164   Data         512  os_cfg_app.o(.bss)
    OSCfg_TmrWheel                           0x20007364   Data         136  os_cfg_app.o(.bss)
    OSIdleTaskTCB                            0x200073ec   Data         196  os_var.o(.bss)
    OSIntQTaskTCB                            0x200074b0   Data         196  os_var.o(.bss)
    OSMsgPool                                0x20007574   Data          12  os_var.o(.bss)
    OSRdyList                                0x20007580   Data         768  os_var.o(.bss)
    OSStatTaskTCB                            0x20007880   Data         196  os_var.o(.bss)
    OSTickTaskTCB                            0x20007944   Data         196  os_var.o(.bss)
    OSTmrTaskTCB                             0x20007a08   Data         196  os_var.o(.bss)
    My_LoRa_CFG                              0x20007acc   Data          10  lora_app.o(.bss)
    date                                     0x20007ad6   Data          30  lora_app.o(.bss)
    Tran_Data                                0x20007af4   Data          30  lora_app.o(.bss)
    wlcd_buff                                0x20007b12   Data          10  lora_app.o(.bss)
    rlcd_buff                                0x20007b1c   Data          10  lora_app.o(.bss)
    __libspace_start                         0x20007b28   Data          96  libspace.o(.bss)
    __temporary_stack_top$libspace           0x20007b88   Data           0  libspace.o(.bss)
    mem2base                                 0x68000000   Data       983040  malloc.o(.ARM.__AT_0x68000000)
    mem2mapbase                              0x680f0000   Data       61440  malloc.o(.ARM.__AT_0x680F0000)



==============================================================================

Memory Map of the image

  Image Entry point : 0x08000131

  Load Region LR_IROM1 (Base: 0x08000000, Size: 0x0001f1e4, Max: 0x00080000, ABSOLUTE, COMPRESSED[0x0001f098])

    Execution Region ER_IROM1 (Base: 0x08000000, Size: 0x0001f058, Max: 0x00080000, ABSOLUTE)

    Base Addr    Size         Type   Attr      Idx    E Section Name        Object

    0x08000000   0x00000130   Data   RO          650    RESET               startup_stm32f10x_hd.o
    0x08000130   0x00000008   Code   RO         1644  * !!!main             c_w.l(__main.o)
    0x08000138   0x00000034   Code   RO         2177    !!!scatter          c_w.l(__scatter.o)
    0x0800016c   0x0000005a   Code   RO         2175    !!dczerorl2         c_w.l(__dczerorl2.o)
    0x080001c6   0x00000002   PAD
    0x080001c8   0x0000001c   Code   RO         2179    !!handler_zi        c_w.l(__scatter_zi.o)
    0x080001e4   0x00000000   Code   RO         1613    .ARM.Collect$$_printf_percent$$00000000  c_w.l(_printf_percent.o)
    0x080001e4   0x00000006   Code   RO         1809    .ARM.Collect$$_printf_percent$$00000001  c_w.l(_printf_n.o)
    0x080001ea   0x00000006   Code   RO         1810    .ARM.Collect$$_printf_percent$$00000002  c_w.l(_printf_p.o)
    0x080001f0   0x00000006   Code   RO         1611    .ARM.Collect$$_printf_percent$$00000003  c_w.l(_printf_f.o)
    0x080001f6   0x00000006   Code   RO         1813    .ARM.Collect$$_printf_percent$$00000004  c_w.l(_printf_e.o)
    0x080001fc   0x00000006   Code   RO         1612    .ARM.Collect$$_printf_percent$$00000005  c_w.l(_printf_g.o)
    0x08000202   0x00000006   Code   RO         1814    .ARM.Collect$$_printf_percent$$00000006  c_w.l(_printf_a.o)
    0x08000208   0x0000000a   Code   RO         1819    .ARM.Collect$$_printf_percent$$00000007  c_w.l(_printf_ll.o)
    0x08000212   0x00000006   Code   RO         1609    .ARM.Collect$$_printf_percent$$00000008  c_w.l(_printf_i.o)
    0x08000218   0x00000006   Code   RO         1610    .ARM.Collect$$_printf_percent$$00000009  c_w.l(_printf_d.o)
    0x0800021e   0x00000006   Code   RO         1812    .ARM.Collect$$_printf_percent$$0000000A  c_w.l(_printf_u.o)
    0x08000224   0x00000006   Code   RO         1811    .ARM.Collect$$_printf_percent$$0000000B  c_w.l(_printf_o.o)
    0x0800022a   0x00000006   Code   RO         1608    .ARM.Collect$$_printf_percent$$0000000C  c_w.l(_printf_x.o)
    0x08000230   0x00000006   Code   RO         1816    .ARM.Collect$$_printf_percent$$0000000D  c_w.l(_printf_lli.o)
    0x08000236   0x00000006   Code   RO         1817    .ARM.Collect$$_printf_percent$$0000000E  c_w.l(_printf_lld.o)
    0x0800023c   0x00000006   Code   RO         1818    .ARM.Collect$$_printf_percent$$0000000F  c_w.l(_printf_llu.o)
    0x08000242   0x00000006   Code   RO         1823    .ARM.Collect$$_printf_percent$$00000010  c_w.l(_printf_llo.o)
    0x08000248   0x00000006   Code   RO         1824    .ARM.Collect$$_printf_percent$$00000011  c_w.l(_printf_llx.o)
    0x0800024e   0x0000000a   Code   RO         1820    .ARM.Collect$$_printf_percent$$00000012  c_w.l(_printf_l.o)
    0x08000258   0x00000006   Code   RO         1808    .ARM.Collect$$_printf_percent$$00000013  c_w.l(_printf_c.o)
    0x0800025e   0x00000006   Code   RO         1607    .ARM.Collect$$_printf_percent$$00000014  c_w.l(_printf_s.o)
    0x08000264   0x00000006   Code   RO         1821    .ARM.Collect$$_printf_percent$$00000015  c_w.l(_printf_lc.o)
    0x0800026a   0x00000006   Code   RO         1822    .ARM.Collect$$_printf_percent$$00000016  c_w.l(_printf_ls.o)
    0x08000270   0x00000004   Code   RO         1815    .ARM.Collect$$_printf_percent$$00000017  c_w.l(_printf_percent_end.o)
    0x08000274   0x00000002   Code   RO         2093    .ARM.Collect$$libinit$$00000000  c_w.l(libinit.o)
    0x08000276   0x00000000   Code   RO         1838    .ARM.Collect$$libinit$$00000002  c_w.l(libinit2.o)
    0x08000276   0x00000000   Code   RO         1840    .ARM.Collect$$libinit$$00000004  c_w.l(libinit2.o)
    0x08000276   0x00000000   Code   RO         1843    .ARM.Collect$$libinit$$0000000A  c_w.l(libinit2.o)
    0x08000276   0x00000000   Code   RO         1845    .ARM.Collect$$libinit$$0000000C  c_w.l(libinit2.o)
    0x08000276   0x00000000   Code   RO         1847    .ARM.Collect$$libinit$$0000000E  c_w.l(libinit2.o)
    0x08000276   0x00000006   Code   RO         1848    .ARM.Collect$$libinit$$0000000F  c_w.l(libinit2.o)
    0x0800027c   0x00000000   Code   RO         1850    .ARM.Collect$$libinit$$00000011  c_w.l(libinit2.o)
    0x0800027c   0x0000000c   Code   RO         1851    .ARM.Collect$$libinit$$00000012  c_w.l(libinit2.o)
    0x08000288   0x00000000   Code   RO         1852    .ARM.Collect$$libinit$$00000013  c_w.l(libinit2.o)
    0x08000288   0x00000000   Code   RO         1854    .ARM.Collect$$libinit$$00000015  c_w.l(libinit2.o)
    0x08000288   0x0000000a   Code   RO         1855    .ARM.Collect$$libinit$$00000016  c_w.l(libinit2.o)
    0x08000292   0x00000000   Code   RO         1856    .ARM.Collect$$libinit$$00000017  c_w.l(libinit2.o)
    0x08000292   0x00000000   Code   RO         1858    .ARM.Collect$$libinit$$00000019  c_w.l(libinit2.o)
    0x08000292   0x00000000   Code   RO         1860    .ARM.Collect$$libinit$$0000001B  c_w.l(libinit2.o)
    0x08000292   0x00000000   Code   RO         1862    .ARM.Collect$$libinit$$0000001D  c_w.l(libinit2.o)
    0x08000292   0x00000000   Code   RO         1864    .ARM.Collect$$libinit$$0000001F  c_w.l(libinit2.o)
    0x08000292   0x00000000   Code   RO         1866    .ARM.Collect$$libinit$$00000021  c_w.l(libinit2.o)
    0x08000292   0x00000000   Code   RO         1868    .ARM.Collect$$libinit$$00000023  c_w.l(libinit2.o)
    0x08000292   0x00000000   Code   RO         1870    .ARM.Collect$$libinit$$00000025  c_w.l(libinit2.o)
    0x08000292   0x00000000   Code   RO         1874    .ARM.Collect$$libinit$$0000002C  c_w.l(libinit2.o)
    0x08000292   0x00000000   Code   RO         1876    .ARM.Collect$$libinit$$0000002E  c_w.l(libinit2.o)
    0x08000292   0x00000000   Code   RO         1878    .ARM.Collect$$libinit$$00000030  c_w.l(libinit2.o)
    0x08000292   0x00000000   Code   RO         1880    .ARM.Collect$$libinit$$00000032  c_w.l(libinit2.o)
    0x08000292   0x00000002   Code   RO         1881    .ARM.Collect$$libinit$$00000033  c_w.l(libinit2.o)
    0x08000294   0x00000002   Code   RO         2172    .ARM.Collect$$libshutdown$$00000000  c_w.l(libshutdown.o)
    0x08000296   0x00000000   Code   RO         2118    .ARM.Collect$$libshutdown$$00000003  c_w.l(libshutdown2.o)
    0x08000296   0x00000000   Code   RO         2121    .ARM.Collect$$libshutdown$$00000006  c_w.l(libshutdown2.o)
    0x08000296   0x00000000   Code   RO         2124    .ARM.Collect$$libshutdown$$00000009  c_w.l(libshutdown2.o)
    0x08000296   0x00000000   Code   RO         2126    .ARM.Collect$$libshutdown$$0000000B  c_w.l(libshutdown2.o)
    0x08000296   0x00000000   Code   RO         2129    .ARM.Collect$$libshutdown$$0000000E  c_w.l(libshutdown2.o)
    0x08000296   0x00000002   Code   RO         2130    .ARM.Collect$$libshutdown$$0000000F  c_w.l(libshutdown2.o)
    0x08000298   0x00000000   Code   RO         1742    .ARM.Collect$$rtentry$$00000000  c_w.l(__rtentry.o)
    0x08000298   0x00000000   Code   RO         1946    .ARM.Collect$$rtentry$$00000002  c_w.l(__rtentry2.o)
    0x08000298   0x00000006   Code   RO         1958    .ARM.Collect$$rtentry$$00000004  c_w.l(__rtentry4.o)
    0x0800029e   0x00000000   Code   RO         1948    .ARM.Collect$$rtentry$$00000009  c_w.l(__rtentry2.o)
    0x0800029e   0x00000004   Code   RO         1949    .ARM.Collect$$rtentry$$0000000A  c_w.l(__rtentry2.o)
    0x080002a2   0x00000000   Code   RO         1951    .ARM.Collect$$rtentry$$0000000C  c_w.l(__rtentry2.o)
    0x080002a2   0x00000008   Code   RO         1952    .ARM.Collect$$rtentry$$0000000D  c_w.l(__rtentry2.o)
    0x080002aa   0x00000002   Code   RO         2102    .ARM.Collect$$rtexit$$00000000  c_w.l(rtexit.o)
    0x080002ac   0x00000000   Code   RO         2148    .ARM.Collect$$rtexit$$00000002  c_w.l(rtexit2.o)
    0x080002ac   0x00000004   Code   RO         2149    .ARM.Collect$$rtexit$$00000003  c_w.l(rtexit2.o)
    0x080002b0   0x00000006   Code   RO         2150    .ARM.Collect$$rtexit$$00000004  c_w.l(rtexit2.o)
    0x080002b6   0x00000002   PAD
    0x080002b8   0x00001544   Code   RO            1    .text               main.o
    0x080017fc   0x00000016   Code   RO          218    .text               stm32f10x_it.o
    0x08001812   0x00000002   PAD
    0x08001814   0x000001e0   Code   RO          256    .text               system_stm32f10x.o
    0x080019f4   0x0000004c   Code   RO          274    .text               led.o
    0x08001a40   0x000001e0   Code   RO          290    .text               usart2.o
    0x08001c20   0x0000026c   Code   RO          313    .text               usart3.o
    0x08001e8c   0x0000018c   Code   RO          335    .text               uart4.o
    0x08002018   0x000000b0   Code   RO          354    .text               timer.o
    0x080020c8   0x000002fc   Code   RO          367    .text               dht11.o
    0x080023c4   0x00000770   Code   RO          379    .text               oled.o
    0x08002b34   0x00000038   Code   RO          417    .text               beep.o
    0x08002b6c   0x000002a0   Code   RO          429    .text               key.o
    0x08002e0c   0x000004d4   Code   RO          449    .text               rtc.o
    0x080032e0   0x00000110   Code   RO          469    .text               mq135.o
    0x080033f0   0x000003ac   Code   RO          484    .text               mpu6050.o
    0x0800379c   0x0000024c   Code   RO          500    .text               mpuiic.o
    0x080039e8   0x0000228c   Code   RO          512    .text               inv_mpu.o
    0x08005c74   0x00000d70   Code   RO          536    .text               inv_mpu_dmp_motion_driver.o
    0x080069e4   0x00004a5c   Code   RO          557    .text               lcd.o
    0x0800b440   0x0000014c   Code   RO          584    .text               delay.o
    0x0800b58c   0x0000014c   Code   RO          615    .text               usart.o
    0x0800b6d8   0x00000040   Code   RO          651    .text               startup_stm32f10x_hd.o
    0x0800b718   0x000000dc   Code   RO          655    .text               misc.o
    0x0800b7f4   0x0000035c   Code   RO          667    .text               stm32f10x_gpio.o
    0x0800bb50   0x00000408   Code   RO          679    .text               stm32f10x_usart.o
    0x0800bf58   0x000003a4   Code   RO          691    .text               stm32f10x_rcc.o
    0x0800c2fc   0x0000044e   Code   RO          705    .text               stm32f10x_adc.o
    0x0800c74a   0x00000002   PAD
    0x0800c74c   0x000000c4   Code   RO          717    .text               stm32f10x_bkp.o
    0x0800c810   0x00000254   Code   RO          804    .text               stm32f10x_dma.o
    0x0800ca64   0x0000011c   Code   RO          816    .text               stm32f10x_exti.o
    0x0800cb80   0x0000060c   Code   RO          843    .text               stm32f10x_fsmc.o
    0x0800d18c   0x000000cc   Code   RO          885    .text               stm32f10x_pwr.o
    0x0800d258   0x00000148   Code   RO          897    .text               stm32f10x_rtc.o
    0x0800d3a0   0x00000e1a   Code   RO          936    .text               stm32f10x_tim.o
    0x0800e1ba   0x00000002   PAD
    0x0800e1bc   0x00000084   Code   RO          963    .text               bsp.o
    0x0800e240   0x000002a8   Code   RO          978    .text               cpu_core.o
    0x0800e4e8   0x00000034   Code   RO         1016    .text               cpu_a.o
    0x0800e51c   0x00000256   Code   RO         1019    .text               lib_ascii.o
    0x0800e772   0x00000002   PAD
    0x0800e774   0x000009c6   Code   RO         1052    .text               lib_mem.o
    0x0800f13a   0x00000002   PAD
    0x0800f13c   0x0000092c   Code   RO         1071    .text               lib_str.o
    0x0800fa68   0x00000220   Code   RO         1088    .text               lib_mem_a.o
    0x0800fc88   0x000000fc   Code   RO         1091    .text               os_cfg_app.o
    0x0800fd84   0x00000e04   Code   RO         1114    .text               os_core.o
    0x08010b88   0x000001b0   Code   RO         1126    .text               os_dbg.o
    0x08010d38   0x00000e28   Code   RO         1141    .text               os_flag.o
    0x08011b60   0x00000444   Code   RO         1153    .text               os_int.o
    0x08011fa4   0x00000238   Code   RO         1165    .text               os_mem.o
    0x080121dc   0x0000022c   Code   RO         1177    .text               os_msg.o
    0x08012408   0x00000ad4   Code   RO         1189    .text               os_mutex.o
    0x08012edc   0x0000007c   Code   RO         1207    .text               os_prio.o
    0x08012f58   0x000008d8   Code   RO         1226    .text               os_q.o
    0x08013830   0x00000830   Code   RO         1238    .text               os_sem.o
    0x08014060   0x00000638   Code   RO         1250    .text               os_stat.o
    0x08014698   0x00001bb4   Code   RO         1262    .text               os_task.o
    0x0801624c   0x000004fc   Code   RO         1274    .text               os_tick.o
    0x08016748   0x00000564   Code   RO         1286    .text               os_time.o
    0x08016cac   0x00000818   Code   RO         1298    .text               os_tmr.o
    0x080174c4   0x0000026c   Code   RO         1327    .text               os_cpu_c.o
    0x08017730   0x00000750   Code   RO         1360    .text               lora_app.o
    0x08017e80   0x00000002   Code   RO         1470    .text               c_w.l(use_no_semi_2.o)
    0x08017e82   0x000000ee   Code   RO         1540    .text               c_w.l(lludivv7m.o)
    0x08017f70   0x00000048   Code   RO         1542    .text               c_w.l(llsdiv.o)
    0x08017fb8   0x0000000c   Code   RO         1546    .text               c_w.l(vprintf.o)
    0x08017fc4   0x00000024   Code   RO         1548    .text               c_w.l(vsprintf.o)
    0x08017fe8   0x00000018   Code   RO         1550    .text               c_w.l(__2printf.o)
    0x08018000   0x0000002c   Code   RO         1552    .text               c_w.l(__2sprintf.o)
    0x0801802c   0x0000004e   Code   RO         1560    .text               c_w.l(_printf_pad.o)
    0x0801807a   0x00000052   Code   RO         1562    .text               c_w.l(_printf_str.o)
    0x080180cc   0x00000078   Code   RO         1564    .text               c_w.l(_printf_dec.o)
    0x08018144   0x00000094   Code   RO         1584    .text               c_w.l(_printf_hex_int_ll_ptr.o)
    0x080181d8   0x00000188   Code   RO         1604    .text               c_w.l(__printf_flags_ss_wp.o)
    0x08018360   0x0000001a   Code   RO         1616    .text               c_w.l(atoi.o)
    0x0801837a   0x00000024   Code   RO         1618    .text               c_w.l(strstr.o)
    0x0801839e   0x00000058   Code   RO         1620    .text               c_w.l(memcmp.o)
    0x080183f6   0x00000048   Code   RO         1622    .text               c_w.l(strcpy.o)
    0x0801843e   0x0000003e   Code   RO         1624    .text               c_w.l(strlen.o)
    0x0801847c   0x00000064   Code   RO         1630    .text               c_w.l(rt_memcpy_w.o)
    0x080184e0   0x00000010   Code   RO         1632    .text               c_w.l(aeabi_memset.o)
    0x080184f0   0x00000044   Code   RO         1634    .text               c_w.l(rt_memclr.o)
    0x08018534   0x0000004e   Code   RO         1636    .text               c_w.l(rt_memclr_w.o)
    0x08018582   0x00000056   Code   RO         1638    .text               c_w.l(strncpy.o)
    0x080185d8   0x00000080   Code   RO         1640    .text               c_w.l(strcmpv7m.o)
    0x08018658   0x00000006   Code   RO         1642    .text               c_w.l(heapauxi.o)
    0x0801865e   0x00000002   Code   RO         1738    .text               c_w.l(use_no_semi.o)
    0x08018660   0x00000010   Code   RO         1743    .text               c_w.l(rt_ctype_table.o)
    0x08018670   0x00000008   Code   RO         1757    .text               c_w.l(rt_errno_addr_intlibspace.o)
    0x08018678   0x00000016   Code   RO         1779    .text               c_w.l(_rserrno.o)
    0x0801868e   0x00000024   Code   RO         1781    .text               c_w.l(_printf_truncate.o)
    0x080186b2   0x000000b2   Code   RO         1783    .text               c_w.l(_printf_intcommon.o)
    0x08018764   0x00000028   Code   RO         1785    .text               c_w.l(_printf_charcount.o)
    0x0801878c   0x0000041a   Code   RO         1787    .text               c_w.l(_printf_fp_dec.o)
    0x08018ba6   0x00000002   PAD
    0x08018ba8   0x00000030   Code   RO         1789    .text               c_w.l(_printf_char_common.o)
    0x08018bd8   0x0000000a   Code   RO         1791    .text               c_w.l(_sputc.o)
    0x08018be2   0x0000002c   Code   RO         1793    .text               c_w.l(_printf_char.o)
    0x08018c0e   0x00000002   PAD
    0x08018c10   0x00000024   Code   RO         1795    .text               c_w.l(_printf_char_file.o)
    0x08018c34   0x000000bc   Code   RO         1797    .text               c_w.l(_printf_wctomb.o)
    0x08018cf0   0x0000007c   Code   RO         1800    .text               c_w.l(_printf_longlong_dec.o)
    0x08018d6c   0x00000070   Code   RO         1806    .text               c_w.l(_printf_oct_int_ll.o)
    0x08018ddc   0x00000070   Code   RO         1833    .text               c_w.l(strtol.o)
    0x08018e4c   0x00000008   Code   RO         1942    .text               c_w.l(libspace.o)
    0x08018e54   0x00000008   Code   RO         1965    .text               c_w.l(rt_locale_intlibspace.o)
    0x08018e5c   0x0000008a   Code   RO         1975    .text               c_w.l(lludiv10.o)
    0x08018ee6   0x00000002   PAD
    0x08018ee8   0x000002fc   Code   RO         1979    .text               c_w.l(_printf_fp_hex.o)
    0x080191e4   0x00000080   Code   RO         1982    .text               c_w.l(_printf_fp_infnan.o)
    0x08019264   0x0000002c   Code   RO         1986    .text               c_w.l(_printf_wchar.o)
    0x08019290   0x0000009e   Code   RO         1990    .text               c_w.l(_strtoul.o)
    0x0801932e   0x00000002   PAD
    0x08019330   0x000000dc   Code   RO         1992    .text               c_w.l(bigflt0.o)
    0x0801940c   0x00000008   Code   RO         2017    .text               c_w.l(ferror.o)
    0x08019414   0x00000040   Code   RO         2021    .text               c_w.l(_wcrtomb.o)
    0x08019454   0x0000004a   Code   RO         2062    .text               c_w.l(sys_stackheap_outer.o)
    0x0801949e   0x0000001c   Code   RO         2068    .text               c_w.l(_chval.o)
    0x080194ba   0x0000000c   Code   RO         2074    .text               c_w.l(exit.o)
    0x080194c6   0x0000003e   Code   RO         1995    CL$$btod_d2e        c_w.l(btod.o)
    0x08019504   0x00000046   Code   RO         1997    CL$$btod_d2e_denorm_low  c_w.l(btod.o)
    0x0801954a   0x00000060   Code   RO         1996    CL$$btod_d2e_norm_op1  c_w.l(btod.o)
    0x080195aa   0x00000338   Code   RO         2005    CL$$btod_div_common  c_w.l(btod.o)
    0x080198e2   0x000000c6   Code   RO         2002    CL$$btod_e2e        c_w.l(btod.o)
    0x080199a8   0x00000028   Code   RO         1999    CL$$btod_ediv       c_w.l(btod.o)
    0x080199d0   0x00000028   Code   RO         1998    CL$$btod_emul       c_w.l(btod.o)
    0x080199f8   0x00000244   Code   RO         2004    CL$$btod_mult_common  c_w.l(btod.o)
    0x08019c3c   0x00000098   Code   RO         1324    CODE                os_cpu_a.o
    0x08019cd4   0x00000028   Code   RO         1927    i.__ARM_fpclassify  m_ws.l(fpclassify.o)
    0x08019cfc   0x000000aa   Code   RO         1929    i.__kernel_poly     m_ws.l(poly.o)
    0x08019da6   0x00000006   Code   RO         1914    i.__mathlib_dbl_infnan  m_ws.l(dunder.o)
    0x08019dac   0x00000004   Code   RO         1915    i.__mathlib_dbl_infnan2  m_ws.l(dunder.o)
    0x08019db0   0x0000000c   Code   RO         1916    i.__mathlib_dbl_invalid  m_ws.l(dunder.o)
    0x08019dbc   0x00000010   Code   RO         1919    i.__mathlib_dbl_underflow  m_ws.l(dunder.o)
    0x08019dcc   0x0000000e   Code   RO         1597    i._is_digit         c_w.l(__printf_wp.o)
    0x08019dda   0x00000002   PAD
    0x08019ddc   0x00000270   Code   RO         1717    i.asin              m_ws.l(asin.o)
    0x0801a04c   0x00000220   Code   RO         1904    i.atan              m_ws.l(atan.o)
    0x0801a26c   0x00000180   Code   RO         1727    i.atan2             m_ws.l(atan2.o)
    0x0801a3ec   0x0000004c   Code   RO         1933    i.sqrt              m_ws.l(sqrt.o)
    0x0801a438   0x0000002c   Code   RO         2024    locale$$code        c_w.l(lc_ctype_c.o)
    0x0801a464   0x0000002c   Code   RO         2027    locale$$code        c_w.l(lc_numeric_c.o)
    0x0801a490   0x00000062   Code   RO         1646    x$fpl$d2f           fz_ws.l(d2f.o)
    0x0801a4f2   0x00000002   PAD
    0x0801a4f4   0x00000150   Code   RO         1648    x$fpl$dadd          fz_ws.l(daddsub_clz.o)
    0x0801a644   0x00000010   Code   RO         2038    x$fpl$dcheck1       fz_ws.l(dcheck1.o)
    0x0801a654   0x000002b0   Code   RO         1655    x$fpl$ddiv          fz_ws.l(ddiv.o)
    0x0801a904   0x0000005e   Code   RO         1658    x$fpl$dfix          fz_ws.l(dfix.o)
    0x0801a962   0x00000002   PAD
    0x0801a964   0x0000005a   Code   RO         1662    x$fpl$dfixu         fz_ws.l(dfixu.o)
    0x0801a9be   0x0000002e   Code   RO         1667    x$fpl$dflt          fz_ws.l(dflt_clz.o)
    0x0801a9ec   0x00000026   Code   RO         1666    x$fpl$dfltu         fz_ws.l(dflt_clz.o)
    0x0801aa12   0x00000002   PAD
    0x0801aa14   0x00000154   Code   RO         1674    x$fpl$dmul          fz_ws.l(dmul.o)
    0x0801ab68   0x0000009c   Code   RO         1884    x$fpl$dnaninf       fz_ws.l(dnaninf.o)
    0x0801ac04   0x0000000c   Code   RO         1886    x$fpl$dretinf       fz_ws.l(dretinf.o)
    0x0801ac10   0x00000016   Code   RO         1649    x$fpl$drsb          fz_ws.l(daddsub_clz.o)
    0x0801ac26   0x00000002   PAD
    0x0801ac28   0x000001cc   Code   RO         2040    x$fpl$dsqrt         fz_ws.l(dsqrt_noumaal.o)
    0x0801adf4   0x000001d4   Code   RO         1650    x$fpl$dsub          fz_ws.l(daddsub_clz.o)
    0x0801afc8   0x00000056   Code   RO         1678    x$fpl$f2d           fz_ws.l(f2d.o)
    0x0801b01e   0x00000002   PAD
    0x0801b020   0x000000c4   Code   RO         1680    x$fpl$fadd          fz_ws.l(faddsub_clz.o)
    0x0801b0e4   0x00000018   Code   RO         1888    x$fpl$fcmpinf       fz_ws.l(fcmpi.o)
    0x0801b0fc   0x00000184   Code   RO         1687    x$fpl$fdiv          fz_ws.l(fdiv.o)
    0x0801b280   0x00000068   Code   RO         1690    x$fpl$feqf          fz_ws.l(feqf.o)
    0x0801b2e8   0x00000036   Code   RO         1692    x$fpl$ffix          fz_ws.l(ffix.o)
    0x0801b31e   0x00000002   PAD
    0x0801b320   0x0000003e   Code   RO         1696    x$fpl$ffixu         fz_ws.l(ffixu.o)
    0x0801b35e   0x00000002   PAD
    0x0801b360   0x00000030   Code   RO         1701    x$fpl$fflt          fz_ws.l(fflt_clz.o)
    0x0801b390   0x00000026   Code   RO         1700    x$fpl$ffltu         fz_ws.l(fflt_clz.o)
    0x0801b3b6   0x00000002   PAD
    0x0801b3b8   0x00000068   Code   RO         1706    x$fpl$fleqf         fz_ws.l(fleqf.o)
    0x0801b420   0x00000102   Code   RO         1708    x$fpl$fmul          fz_ws.l(fmul.o)
    0x0801b522   0x0000008c   Code   RO         1890    x$fpl$fnaninf       fz_ws.l(fnaninf.o)
    0x0801b5ae   0x0000000a   Code   RO         1892    x$fpl$fretinf       fz_ws.l(fretinf.o)
    0x0801b5b8   0x00000062   Code   RO         1710    x$fpl$frleqf        fz_ws.l(frleqf.o)
    0x0801b61a   0x00000002   PAD
    0x0801b61c   0x000000ea   Code   RO         1682    x$fpl$fsub          fz_ws.l(faddsub_clz.o)
    0x0801b706   0x00000004   Code   RO         1712    x$fpl$printf1       fz_ws.l(printf1.o)
    0x0801b70a   0x00000004   Code   RO         1894    x$fpl$printf2       fz_ws.l(printf2.o)
    0x0801b70e   0x00000064   Code   RO         2096    x$fpl$retnan        fz_ws.l(retnan.o)
    0x0801b772   0x0000005c   Code   RO         1900    x$fpl$scalbn        fz_ws.l(scalbn.o)
    0x0801b7ce   0x00000030   Code   RO         2131    x$fpl$trapveneer    fz_ws.l(trapv.o)
    0x0801b7fe   0x00000000   Code   RO         1902    x$fpl$usenofp       fz_ws.l(usenofp.o)
    0x0801b7fe   0x00000002   PAD
    0x0801b800   0x00000028   Data   RO            3    .constdata          main.o
    0x0801b828   0x00000cd8   Data   RO          380    .constdata          oled.o
    0x0801c500   0x00000018   Data   RO          451    .constdata          rtc.o
    0x0801c518   0x00000050   Data   RO          513    .constdata          inv_mpu.o
    0x0801c568   0x00000bf6   Data   RO          538    .constdata          inv_mpu_dmp_motion_driver.o
    0x0801d15e   0x000017c0   Data   RO          559    .constdata          lcd.o
    0x0801e91e   0x00000002   PAD
    0x0801e920   0x00000104   Data   RO          980    .constdata          cpu_core.o
    0x0801ea24   0x00000094   Data   RO         1072    .constdata          lib_str.o
    0x0801eab8   0x000000a4   Data   RO         1093    .constdata          os_cfg_app.o
    0x0801eb5c   0x0000016c   Data   RO         1127    .constdata          os_dbg.o
    0x0801ecc8   0x00000028   Data   RO         1585    .constdata          c_w.l(_printf_hex_int_ll_ptr.o)
    0x0801ecf0   0x00000011   Data   RO         1605    .constdata          c_w.l(__printf_flags_ss_wp.o)
    0x0801ed01   0x00000007   PAD
    0x0801ed08   0x00000050   Data   RO         1718    .constdata          m_ws.l(asin.o)
    0x0801ed58   0x00000008   Data   RO         1798    .constdata          c_w.l(_printf_wctomb.o)
    0x0801ed60   0x00000098   Data   RO         1905    .constdata          m_ws.l(atan.o)
    0x0801edf8   0x00000008   Data   RO         1931    .constdata          m_ws.l(qnan.o)
    0x0801ee00   0x00000026   Data   RO         1980    .constdata          c_w.l(_printf_fp_hex.o)
    0x0801ee26   0x00000002   PAD
    0x0801ee28   0x00000094   Data   RO         1993    .constdata          c_w.l(bigflt0.o)
    0x0801eebc   0x0000004d   Data   RO          514    .conststring        inv_mpu.o
    0x0801ef09   0x00000003   PAD
    0x0801ef0c   0x00000020   Data   RO         2173    Region$$Table       anon$$obj.o
    0x0801ef2c   0x00000110   Data   RO         2023    locale$$data        c_w.l(lc_ctype_c.o)
    0x0801f03c   0x0000001c   Data   RO         2026    locale$$data        c_w.l(lc_numeric_c.o)


    Execution Region RW_IRAM1 (Base: 0x20000000, Size: 0x00008d88, Max: 0x00010000, ABSOLUTE, COMPRESSED[0x00000040])

    Base Addr    Size         Type   Attr      Idx    E Section Name        Object

    0x20000000   0x0000000c   Data   RW            4    .data               main.o
    0x2000000c   0x00000014   Data   RW          257    .data               system_stm32f10x.o
    0x20000020   0x00000002   Data   RW          292    .data               usart2.o
    0x20000022   0x00000002   PAD
    0x20000024   0x00000008   Data   RW          315    .data               usart3.o
    0x2000002c   0x00000002   Data   RW          337    .data               uart4.o
    0x2000002e   0x00000004   Data   RW          381    .data               oled.o
    0x20000032   0x00000001   Data   RW          430    .data               key.o
    0x20000033   0x00000001   PAD
    0x20000034   0x00000002   Data   RW          452    .data               rtc.o
    0x20000036   0x00000002   Data   RW          470    .data               mq135.o
    0x20000038   0x00000035   Data   RW          515    .data               inv_mpu.o
    0x2000006d   0x00000001   PAD
    0x2000006e   0x00000004   Data   RW          560    .data               lcd.o
    0x20000072   0x00000004   Data   RW          585    .data               delay.o
    0x20000076   0x00000002   PAD
    0x20000078   0x00000006   Data   RW          617    .data               usart.o
    0x2000007e   0x00000014   Data   RW          692    .data               stm32f10x_rcc.o
    0x20000092   0x00000002   PAD
    0x20000094   0x00000004   Data   RW          981    .data               cpu_core.o
    0x20000098   0x00000004   Data   RW         1054    .data               lib_mem.o
    0x2000009c   0x00000008   Data   RW         1208    .data               os_prio.o
    0x200000a4   0x000000c8   Data   RW         1311    .data               os_var.o
    0x2000016c   0x00000004   Data   RW         1328    .data               os_cpu_c.o
    0x20000170   0x0000001a   Data   RW         1362    .data               lora_app.o
    0x2000018a   0x00000006   PAD
    0x20000190   0x000048b8   Zero   RW            2    .bss                main.o
    0x20004a48   0x000004b0   Zero   RW          291    .bss                usart2.o
    0x20004ef8   0x00000668   Zero   RW          314    .bss                usart3.o
    0x20005560   0x000004b0   Zero   RW          336    .bss                uart4.o
    0x20005a10   0x0000000a   Zero   RW          450    .bss                rtc.o
    0x20005a1a   0x00000002   PAD
    0x20005a1c   0x00000010   Zero   RW          537    .bss                inv_mpu_dmp_motion_driver.o
    0x20005a2c   0x0000000e   Zero   RW          558    .bss                lcd.o
    0x20005a3a   0x000000c8   Zero   RW          616    .bss                usart.o
    0x20005b02   0x00000010   Zero   RW          979    .bss                cpu_core.o
    0x20005b12   0x00000002   PAD
    0x20005b14   0x00000448   Zero   RW         1053    .bss                lib_mem.o
    0x20005f5c   0x00001490   Zero   RW         1092    .bss                os_cfg_app.o
    0x200073ec   0x000006e0   Zero   RW         1310    .bss                os_var.o
    0x20007acc   0x0000005a   Zero   RW         1361    .bss                lora_app.o
    0x20007b26   0x00000002   PAD
    0x20007b28   0x00000060   Zero   RW         1943    .bss                c_w.l(libspace.o)
    0x20007b88   0x00000600   Zero   RW          649    HEAP                startup_stm32f10x_hd.o
    0x20008188   0x00000c00   Zero   RW          648    STACK               startup_stm32f10x_hd.o



  Load Region LR$$.ARM.__AT_0x68000000 (Base: 0x68000000, Size: 0x00000000, Max: 0x000f0000, ABSOLUTE)

    Execution Region ER$$.ARM.__AT_0x68000000 (Base: 0x68000000, Size: 0x000f0000, Max: 0x000f0000, ABSOLUTE, UNINIT)

    Base Addr    Size         Type   Attr      Idx    E Section Name        Object

    0x68000000   0x000f0000   Zero   RW         1447    .ARM.__AT_0x68000000  malloc.o



  Load Region LR$$.ARM.__AT_0x680F0000 (Base: 0x680f0000, Size: 0x00000000, Max: 0x0000f000, ABSOLUTE)

    Execution Region ER$$.ARM.__AT_0x680F0000 (Base: 0x680f0000, Size: 0x0000f000, Max: 0x0000f000, ABSOLUTE, UNINIT)

    Base Addr    Size         Type   Attr      Idx    E Section Name        Object

    0x680f0000   0x0000f000   Zero   RW         1448    .ARM.__AT_0x680F0000  malloc.o


==============================================================================

Image component sizes


      Code (inc. data)   RO Data    RW Data    ZI Data      Debug   Object Name

        56          6          0          0          0        516   beep.o
       132         12          0          0          0       1167   bsp.o
        52          0          0          0          0        360   cpu_a.o
       680         14        260          4         16      14431   cpu_core.o
       332         28          0          4          0       1841   delay.o
       764         14          0          0          0       2825   dht11.o
      8844        196        157         53          0      23321   inv_mpu.o
      3440        126       3062          0         16      15171   inv_mpu_dmp_motion_driver.o
       672         74          0          1          0       2103   key.o
     19036        162       6080          4         14      21786   lcd.o
        76          8          0          0          0        523   led.o
       598          0          0          0          0       3728   lib_ascii.o
      2502         32          0          4       1096      21868   lib_mem.o
       544          0          0          0          0        508   lib_mem_a.o
      2348          6        148          0          0      13154   lib_str.o
      1872        526          0         26         90       4300   lora_app.o
      5444       1504         40         12      18616     350634   main.o
         0          0          0          0    1044480       1645   malloc.o
       220         22          0          0          0       1885   misc.o
       940         28          0          0          0       4283   mpu6050.o
       588         14          0          0          0       2070   mpuiic.o
       272         18          0          2          0       1356   mq135.o
      1904         34       3288          4          0       6973   oled.o
       252        166        164          0       5264      21026   os_cfg_app.o
      3588        294          0          0          0      12097   os_core.o
       152         32          0          0          0        420   os_cpu_a.o
       620         66          0          4          0       3877   os_cpu_c.o
       432        286        364          0          0       4845   os_dbg.o
      3624        110          0          0          0       7759   os_flag.o
      1092        146          0          0          0       2332   os_int.o
       568         20          0          0          0       2732   os_mem.o
       556         12          0          0          0       2791   os_msg.o
      2772        114          0          0          0       5450   os_mutex.o
       124          4          0          8          0       1840   os_prio.o
      2264         76          0          0          0       6128   os_q.o
      2096         70          0          0          0       6144   os_sem.o
      1592        180          0          0          0       2833   os_stat.o
      7092        270          0          0          0      13506   os_task.o
      1276         90          0          0          0       3289   os_tick.o
      1380         46          0          0          0       3229   os_time.o
      2072        140          0          0          0       6330   os_tmr.o
         0          0          0        200       1760      19421   os_var.o
      1236         74         24          2         10       4430   rtc.o
        64         26        304          0       4608        820   startup_stm32f10x_hd.o
      1102         26          0          0          0      10921   stm32f10x_adc.o
       196          8          0          0          0       3552   stm32f10x_bkp.o
       596          8          0          0          0       4418   stm32f10x_dma.o
       284         10          0          0          0       2323   stm32f10x_exti.o
      1548         18          0          0          0       5435   stm32f10x_fsmc.o
       860         38          0          0          0       5733   stm32f10x_gpio.o
        22          0          0          0          0       1027   stm32f10x_it.o
       204         14          0          0          0       1955   stm32f10x_pwr.o
       932         36          0         20          0       8940   stm32f10x_rcc.o
       328          4          0          0          0       2710   stm32f10x_rtc.o
      3610         88          0          0          0      22220   stm32f10x_tim.o
      1032         22          0          0          0       8456   stm32f10x_usart.o
         0          0          0          0          0         32   sys.o
       480         38          0         20          0       1827   system_stm32f10x.o
       176          8          0          0          0        964   timer.o
       396         22          0          2       1200       2205   uart4.o
       332         16          0          6        200       3238   usart.o
       480         68          0          2       1200       2186   usart2.o
       620         46          0          8       1640       2783   usart3.o

    ----------------------------------------------------------------------
     97376       5516      13928        396    1080220     718672   Object Totals
         0          0         32          0          0          0   (incl. Generated)
        10          0          5         10         10          0   (incl. Padding)

    ----------------------------------------------------------------------

      Code (inc. data)   RO Data    RW Data    ZI Data      Debug   Library Member Name

        24          4          0          0          0         84   __2printf.o
        44          6          0          0          0         84   __2sprintf.o
        90          0          0          0          0          0   __dczerorl2.o
         8          0          0          0          0         68   __main.o
       392          4         17          0          0         92   __printf_flags_ss_wp.o
        14          0          0          0          0         68   __printf_wp.o
         0          0          0          0          0          0   __rtentry.o
        12          0          0          0          0          0   __rtentry2.o
         6          0          0          0          0          0   __rtentry4.o
        52          8          0          0          0          0   __scatter.o
        28          0          0          0          0          0   __scatter_zi.o
        28          0          0          0          0         68   _chval.o
         6          0          0          0          0          0   _printf_a.o
         6          0          0          0          0          0   _printf_c.o
        44          0          0          0          0        108   _printf_char.o
        48          6          0          0          0         96   _printf_char_common.o
        36          4          0          0          0         80   _printf_char_file.o
        40          0          0          0          0         68   _printf_charcount.o
         6          0          0          0          0          0   _printf_d.o
       120         16          0          0          0         92   _printf_dec.o
         6          0          0          0          0          0   _printf_e.o
         6          0          0          0          0          0   _printf_f.o
      1050          0          0          0          0        216   _printf_fp_dec.o
       764         10         38          0          0        100   _printf_fp_hex.o
       128         16          0          0          0         84   _printf_fp_infnan.o
         6          0          0          0          0          0   _printf_g.o
       148          4         40          0          0        160   _printf_hex_int_ll_ptr.o
         6          0          0          0          0          0   _printf_i.o
       178          0          0          0          0         88   _printf_intcommon.o
        10          0          0          0          0          0   _printf_l.o
         6          0          0          0          0          0   _printf_lc.o
        10          0          0          0          0          0   _printf_ll.o
         6          0          0          0          0          0   _printf_lld.o
         6          0          0          0          0          0   _printf_lli.o
         6          0          0          0          0          0   _printf_llo.o
         6          0          0          0          0          0   _printf_llu.o
         6          0          0          0          0          0   _printf_llx.o
       124         16          0          0          0         92   _printf_longlong_dec.o
         6          0          0          0          0          0   _printf_ls.o
         6          0          0          0          0          0   _printf_n.o
         6          0          0          0          0          0   _printf_o.o
       112          8          0          0          0        124   _printf_oct_int_ll.o
         6          0          0          0          0          0   _printf_p.o
        78          0          0          0          0        108   _printf_pad.o
         0          0          0          0          0          0   _printf_percent.o
         4          0          0          0          0          0   _printf_percent_end.o
         6          0          0          0          0          0   _printf_s.o
        82          0          0          0          0         80   _printf_str.o
        36          0          0          0          0         84   _printf_truncate.o
         6          0          0          0          0          0   _printf_u.o
        44          0          0          0          0        108   _printf_wchar.o
       188          6          8          0          0         92   _printf_wctomb.o
         6          0          0          0          0          0   _printf_x.o
        22          0          0          0          0        100   _rserrno.o
        10          0          0          0          0         68   _sputc.o
       158          0          0          0          0         92   _strtoul.o
        64          0          0          0          0         92   _wcrtomb.o
        16          0          0          0          0         68   aeabi_memset.o
        26          0          0          0          0         80   atoi.o
       220          4        148          0          0         96   bigflt0.o
      1910        128          0          0          0        672   btod.o
        12          0          0          0          0         72   exit.o
         8          0          0          0          0         68   ferror.o
         6          0          0          0          0        152   heapauxi.o
        44         10        272          0          0         76   lc_ctype_c.o
        44         10         28          0          0         76   lc_numeric_c.o
         2          0          0          0          0          0   libinit.o
        30          0          0          0          0          0   libinit2.o
         2          0          0          0          0          0   libshutdown.o
         2          0          0          0          0          0   libshutdown2.o
         8          4          0          0         96         68   libspace.o
        72          0          0          0          0         76   llsdiv.o
       138          0          0          0          0         80   lludiv10.o
       238          0          0          0          0        100   lludivv7m.o
        88          0          0          0          0         76   memcmp.o
        16          4          0          0          0         76   rt_ctype_table.o
         8          4          0          0          0         68   rt_errno_addr_intlibspace.o
         8          4          0          0          0         68   rt_locale_intlibspace.o
        68          0          0          0          0         68   rt_memclr.o
        78          0          0          0          0         80   rt_memclr_w.o
       100          0          0          0          0         80   rt_memcpy_w.o
         2          0          0          0          0          0   rtexit.o
        10          0          0          0          0          0   rtexit2.o
       128          0          0          0          0         68   strcmpv7m.o
        72          0          0          0          0         80   strcpy.o
        62          0          0          0          0         76   strlen.o
        86          0          0          0          0         76   strncpy.o
        36          0          0          0          0         80   strstr.o
       112          0          0          0          0         88   strtol.o
        74          0          0          0          0         80   sys_stackheap_outer.o
         2          0          0          0          0         68   use_no_semi.o
         2          0          0          0          0         68   use_no_semi_2.o
        12          4          0          0          0         68   vprintf.o
        36          4          0          0          0         76   vsprintf.o
        98          4          0          0          0         92   d2f.o
       826         16          0          0          0        348   daddsub_clz.o
        16          4          0          0          0         68   dcheck1.o
       688        140          0          0          0        208   ddiv.o
        94          4          0          0          0         92   dfix.o
        90          4          0          0          0         92   dfixu.o
        84          0          0          0          0        136   dflt_clz.o
       340         12          0          0          0        104   dmul.o
       156          4          0          0          0         92   dnaninf.o
        12          0          0          0          0         68   dretinf.o
       460         56          0          0          0        120   dsqrt_noumaal.o
        86          4          0          0          0         84   f2d.o
       430          8          0          0          0        168   faddsub_clz.o
        24          0          0          0          0         68   fcmpi.o
       388         76          0          0          0         96   fdiv.o
       104          4          0          0          0         84   feqf.o
        54          4          0          0          0         84   ffix.o
        62          4          0          0          0         84   ffixu.o
        86          0          0          0          0        136   fflt_clz.o
       104          4          0          0          0         84   fleqf.o
       258          4          0          0          0         84   fmul.o
       140          4          0          0          0         84   fnaninf.o
        10          0          0          0          0         68   fretinf.o
        98          0          0          0          0         68   frleqf.o
         4          0          0          0          0         68   printf1.o
         4          0          0          0          0         68   printf2.o
       100          0          0          0          0         68   retnan.o
        92          0          0          0          0         68   scalbn.o
        48          0          0          0          0         68   trapv.o
         0          0          0          0          0          0   usenofp.o
       624         52         80          0          0        168   asin.o
       544         70        152          0          0        124   atan.o
       384         38          0          0          0        144   atan2.o
        38          6          0          0          0        272   dunder.o
        40          0          0          0          0         68   fpclassify.o
       170          0          0          0          0         96   poly.o
         0          0          8          0          0          0   qnan.o
        76          0          0          0          0         84   sqrt.o

    ----------------------------------------------------------------------
     14960        806        800          0         96       9532   Library Totals
        34          0          9          0          0          0   (incl. Padding)

    ----------------------------------------------------------------------

      Code (inc. data)   RO Data    RW Data    ZI Data      Debug   Library Name

      8094        284        551          0         96       5624   c_w.l
      4956        356          0          0          0       2952   fz_ws.l
      1876        166        240          0          0        956   m_ws.l

    ----------------------------------------------------------------------
     14960        806        800          0         96       9532   Library Totals

    ----------------------------------------------------------------------

==============================================================================


      Code (inc. data)   RO Data    RW Data    ZI Data      Debug   

    112336       6322      14728        396    1080316     716916   Grand Totals
    112336       6322      14728         64    1080316     716916   ELF Image Totals (compressed)
    112336       6322      14728         64          0          0   ROM Totals

==============================================================================

    Total RO  Size (Code + RO Data)               127064 ( 124.09kB)
    Total RW  Size (RW Data + ZI Data)           1080712 (1055.38kB)
    Total ROM Size (Code + RO Data + RW Data)     127128 ( 124.15kB)

==============================================================================

