Component: ARM Compiler 5.05 update 1 (build 106) Tool: armlink [4d0efa]

==============================================================================

Section Cross References

    main.o(.text) refers to _printf_percent.o(.ARM.Collect$$_printf_percent$$00000000) for _printf_percent
    main.o(.text) refers to _printf_d.o(.ARM.Collect$$_printf_percent$$00000009) for _printf_d
    main.o(.text) refers to _printf_dec.o(.text) for _printf_int_dec
    main.o(.text) refers to _printf_pad.o(.text) for _printf_pre_padding
    main.o(.text) refers to _printf_f.o(.ARM.Collect$$_printf_percent$$00000003) for _printf_f
    main.o(.text) refers to printf1.o(x$fpl$printf1) for _printf_fp_dec
    main.o(.text) refers to _printf_x.o(.ARM.Collect$$_printf_percent$$0000000C) for _printf_x
    main.o(.text) refers to _printf_hex_int_ll_ptr.o(.text) for _printf_longlong_hex
    main.o(.text) refers to strcpy.o(.text) for strcpy
    main.o(.text) refers to os_mutex.o(.text) for OSMutexPend
    main.o(.text) refers to vprintf.o(.text) for vprintf
    main.o(.text) refers to misc.o(.text) for NVIC_Init
    main.o(.text) refers to __2printf.o(.text) for __2printf
    main.o(.text) refers to faddsub_clz.o(x$fpl$fadd) for __aeabi_fadd
    main.o(.text) refers to f2d.o(x$fpl$f2d) for __aeabi_f2d
    main.o(.text) refers to lora_app.o(.text) for LoRa_SendData
    main.o(.text) refers to delay.o(.text) for delay_ms
    main.o(.text) refers to inv_mpu.o(.text) for mpu_dmp_get_data
    main.o(.text) refers to mpu6050.o(.text) for MPU_Get_Temperature
    main.o(.text) refers to lcd.o(.text) for LCD_ShowChar
    main.o(.text) refers to fmul.o(x$fpl$fmul) for __aeabi_fmul
    main.o(.text) refers to ffix.o(x$fpl$ffix) for __aeabi_f2iz
    main.o(.text) refers to os_flag.o(.text) for OSFlagPend
    main.o(.text) refers to stm32f10x_gpio.o(.text) for GPIO_ReadInputDataBit
    main.o(.text) refers to main.o(.bss) for node_1
    main.o(.text) refers to sdio_sdcard.o(.bss) for SDCardInfo
    main.o(.text) refers to main.o(.data) for float_num
    main.o(.text) refers to stm32f10x_exti.o(.text) for EXTI_ClearITPendingBit
    main.o(.text) refers to atoi.o(.text) for atoi
    main.o(.text) refers to os_time.o(.text) for OSTimeDlyHMSM
    main.o(.text) refers to rt_memclr_w.o(.text) for __aeabi_memclr4
    main.o(.text) refers to __2sprintf.o(.text) for __2sprintf
    main.o(.text) refers to oled.o(.text) for OLED_ShowString
    main.o(.text) refers to os_q.o(.text) for OSQPend
    main.o(.text) refers to dflt_clz.o(x$fpl$dflt) for __aeabi_i2d
    main.o(.text) refers to dmul.o(x$fpl$dmul) for __aeabi_dmul
    main.o(.text) refers to dfix.o(x$fpl$dfix) for __aeabi_d2iz
    main.o(.text) refers to daddsub_clz.o(x$fpl$dsub) for __aeabi_dsub
    main.o(.text) refers to ddiv.o(x$fpl$ddiv) for __aeabi_ddiv
    main.o(.text) refers to rt_memcpy_w.o(.text) for __aeabi_memcpy4
    main.o(.text) refers to rtc.o(.bss) for calendar
    main.o(.text) refers to usart3.o(.data) for USART3_RX_STA
    main.o(.text) refers to usart3.o(.bss) for USART3_RX_BUF
    main.o(.text) refers to mq135.o(.data) for MQ135_ADC_ConvertedValue
    main.o(.text) refers to main.o(.constdata) for .constdata
    main.o(.text) refers to strncpy.o(.text) for strncpy
    main.o(.text) refers to dht11.o(.text) for DHT11_Read_Data
    main.o(.text) refers to cpu_core.o(.text) for CPU_Init
    main.o(.text) refers to os_stat.o(.text) for OSStatTaskCPUUsageInit
    main.o(.text) refers to os_core.o(.text) for OSSchedRoundRobinCfg
    main.o(.text) refers to cpu_a.o(.text) for CPU_SR_Save
    main.o(.text) refers to os_sem.o(.text) for OSSemCreate
    main.o(.text) refers to os_task.o(.text) for OSTaskCreate
    main.o(.text) refers to usart2.o(.data) for USART2_RX_STA
    main.o(.text) refers to usart2.o(.bss) for USART2_RX_BUF
    main.o(.text) refers to lcd.o(.data) for POINT_COLOR
    main.o(.text) refers to os_var.o(.data) for OSSchedLockNestingCtr
    main.o(.text) refers to usart.o(.text) for uart_init
    main.o(.text) refers to usart2.o(.text) for usart2_init
    main.o(.text) refers to uart4.o(.text) for uart4_init
    main.o(.text) refers to led.o(.text) for LED_Init
    main.o(.text) refers to key.o(.text) for KEY_Init
    main.o(.text) refers to beep.o(.text) for BEEP_Init
    main.o(.text) refers to sdio_sdcard.o(.text) for SD_Init
    main.o(.text) refers to rtc.o(.text) for RTC_Init
    main.o(.text) refers to lora_app.o(.data) for Lora_mode
    main.o(.text) refers to lora_app.o(.bss) for My_LoRa_CFG
    system_stm32f10x.o(.text) refers to system_stm32f10x.o(.data) for SystemCoreClock
    led.o(.text) refers to stm32f10x_rcc.o(.text) for RCC_APB2PeriphClockCmd
    led.o(.text) refers to stm32f10x_gpio.o(.text) for GPIO_Init
    usart2.o(.text) refers to stm32f10x_rcc.o(.text) for RCC_APB2PeriphClockCmd
    usart2.o(.text) refers to stm32f10x_gpio.o(.text) for GPIO_Init
    usart2.o(.text) refers to misc.o(.text) for NVIC_Init
[...]
    _printf_str                              0x08019b7b   Thumb Code    82  _printf_str.o(.text)
    _printf_int_dec                          0x08019bcd   Thumb Code   104  _printf_dec.o(.text)
    _printf_longlong_hex                     0x08019c45   Thumb Code    86  _printf_hex_int_ll_ptr.o(.text)
    _printf_int_hex                          0x08019c9b   Thumb Code    28  _printf_hex_int_ll_ptr.o(.text)
    _printf_ll_hex                           0x08019cb7   Thumb Code    12  _printf_hex_int_ll_ptr.o(.text)
    _printf_hex_ptr                          0x08019cc3   Thumb Code    18  _printf_hex_int_ll_ptr.o(.text)
    __printf                                 0x08019cd9   Thumb Code   388  __printf_flags_ss_wp.o(.text)
    atoi                                     0x08019e61   Thumb Code    26  atoi.o(.text)
    strstr                                   0x08019e7b   Thumb Code    36  strstr.o(.text)
    memcmp                                   0x08019e9f   Thumb Code    88  memcmp.o(.text)
    strcpy                                   0x08019ef7   Thumb Code    72  strcpy.o(.text)
    strlen                                   0x08019f3f   Thumb Code    62  strlen.o(.text)
    __aeabi_memcpy                           0x08019f7d   Thumb Code     0  rt_memcpy_v6.o(.text)
    __rt_memcpy                              0x08019f7d   Thumb Code   138  rt_memcpy_v6.o(.text)
    _memcpy_lastbytes                        0x08019fe3   Thumb Code     0  rt_memcpy_v6.o(.text)
    __aeabi_memcpy4                          0x0801a007   Thumb Code     0  rt_memcpy_w.o(.text)
    __aeabi_memcpy8                          0x0801a007   Thumb Code     0  rt_memcpy_w.o(.text)
    __rt_memcpy_w                            0x0801a007   Thumb Code   100  rt_memcpy_w.o(.text)
    _memcpy_lastbytes_aligned                0x0801a04f   Thumb Code     0  rt_memcpy_w.o(.text)
    __aeabi_memset                           0x0801a06b   Thumb Code    16  aeabi_memset.o(.text)
    __aeabi_memclr                           0x0801a07b   Thumb Code     0  rt_memclr.o(.text)
    __rt_memclr                              0x0801a07b   Thumb Code    68  rt_memclr.o(.text)
    _memset                                  0x0801a07f   Thumb Code     0  rt_memclr.o(.text)
    __aeabi_memclr4                          0x0801a0bf   Thumb Code     0  rt_memclr_w.o(.text)
    __aeabi_memclr8                          0x0801a0bf   Thumb Code     0  rt_memclr_w.o(.text)
    __rt_memclr_w                            0x0801a0bf   Thumb Code    78  rt_memclr_w.o(.text)
    _memset_w                                0x0801a0c3   Thumb Code     0  rt_memclr_w.o(.text)
    strncpy                                  0x0801a10d   Thumb Code    86  strncpy.o(.text)
    strcmp                                   0x0801a165   Thumb Code   128  strcmpv7m.o(.text)
    __use_two_region_memory                  0x0801a1e5   Thumb Code     2  heapauxi.o(.text)
    __rt_heap_escrow                         0x0801a1e7   Thumb Code     2  heapauxi.o(.text)
    __rt_heap_expand                         0x0801a1e9   Thumb Code     2  heapauxi.o(.text)
    __I$use$semihosting                      0x0801a1eb   Thumb Code     0  use_no_semi.o(.text)
    __use_no_semihosting_swi                 0x0801a1eb   Thumb Code     2  use_no_semi.o(.text)
    __rt_ctype_table                         0x0801a1ed   Thumb Code    16  rt_ctype_table.o(.text)
    __aeabi_errno_addr                       0x0801a1fd   Thumb Code     8  rt_errno_addr_intlibspace.o(.text)
    __errno$intlibspace                      0x0801a1fd   Thumb Code     0  rt_errno_addr_intlibspace.o(.text)
    __rt_errno_addr$intlibspace              0x0801a1fd   Thumb Code     0  rt_errno_addr_intlibspace.o(.text)
    __read_errno                             0x0801a205   Thumb Code    10  _rserrno.o(.text)
    __set_errno                              0x0801a20f   Thumb Code    12  _rserrno.o(.text)
    _printf_truncate_signed                  0x0801a21b   Thumb Code    18  _printf_truncate.o(.text)
    _printf_truncate_unsigned                0x0801a22d   Thumb Code    18  _printf_truncate.o(.text)
    _printf_int_common                       0x0801a23f   Thumb Code   178  _printf_intcommon.o(.text)
    _printf_charcount                        0x0801a2f1   Thumb Code    40  _printf_charcount.o(.text)
    __lib_sel_fp_printf                      0x0801a319   Thumb Code     2  _printf_fp_dec.o(.text)
    _printf_fp_dec_real                      0x0801a4c7   Thumb Code   620  _printf_fp_dec.o(.text)
    _printf_char_common                      0x0801a73f   Thumb Code    32  _printf_char_common.o(.text)
    _sputc                                   0x0801a765   Thumb Code    10  _sputc.o(.text)
    _printf_cs_common                        0x0801a76f   Thumb Code    20  _printf_char.o(.text)
    _printf_char                             0x0801a783   Thumb Code    16  _printf_char.o(.text)
    _printf_string                           0x0801a793   Thumb Code     8  _printf_char.o(.text)
    _printf_char_file                        0x0801a79d   Thumb Code    32  _printf_char_file.o(.text)
    _printf_wctomb                           0x0801a7c1   Thumb Code   182  _printf_wctomb.o(.text)
    _printf_longlong_dec                     0x0801a87d   Thumb Code   108  _printf_longlong_dec.o(.text)
    _printf_longlong_oct                     0x0801a8f9   Thumb Code    68  _printf_oct_int_ll.o(.text)
    _printf_int_oct                          0x0801a93d   Thumb Code    24  _printf_oct_int_ll.o(.text)
    _printf_ll_oct                           0x0801a955   Thumb Code    12  _printf_oct_int_ll.o(.text)
    strtol                                   0x0801a969   Thumb Code   112  strtol.o(.text)
    __user_libspace                          0x0801a9d9   Thumb Code     8  libspace.o(.text)
    __user_perproc_libspace                  0x0801a9d9   Thumb Code     0  libspace.o(.text)
    __user_perthread_libspace                0x0801a9d9   Thumb Code     0  libspace.o(.text)
    __rt_locale                              0x0801a9e1   Thumb Code     8  rt_locale_intlibspace.o(.text)
    _ll_udiv10                               0x0801a9e9   Thumb Code   138  lludiv10.o(.text)
    _printf_fp_hex_real                      0x0801aa75   Thumb Code   754  _printf_fp_hex.o(.text)
    _printf_fp_infnan                        0x0801ad71   Thumb Code   112  _printf_fp_infnan.o(.text)
    _printf_lcs_common                       0x0801adf1   Thumb Code    20  _printf_wchar.o(.text)
    _printf_wchar                            0x0801ae05   Thumb Code    16  _printf_wchar.o(.text)
    _printf_wstring                          0x0801ae15   Thumb Code     8  _printf_wchar.o(.text)
    _strtoul                                 0x0801ae1d   Thumb Code   158  _strtoul.o(.text)
    _btod_etento                             0x0801aebd   Thumb Code   216  bigflt0.o(.text)
    ferror                                   0x0801af99   Thumb Code     8  ferror.o(.text)
    _wcrtomb                                 0x0801afa1   Thumb Code    64  _wcrtomb.o(.text)
    __user_setup_stackheap                   0x0801afe1   Thumb Code    74  sys_stackheap_outer.o(.text)
    _chval                                   0x0801b02b   Thumb Code    28  _chval.o(.text)
    exit                                     0x0801b047   Thumb Code    12  exit.o(.text)
    _btod_d2e                                0x0801b053   Thumb Code    62  btod.o(CL$$btod_d2e)
    _d2e_denorm_low                          0x0801b091   Thumb Code    70  btod.o(CL$$btod_d2e_denorm_low)
    _d2e_norm_op1                            0x0801b0d7   Thumb Code    96  btod.o(CL$$btod_d2e_norm_op1)
    __btod_div_common                        0x0801b137   Thumb Code   696  btod.o(CL$$btod_div_common)
    _e2e                                     0x0801b46f   Thumb Code   198  btod.o(CL$$btod_e2e)
    _btod_ediv                               0x0801b535   Thumb Code    40  btod.o(CL$$btod_ediv)
    _btod_emul                               0x0801b55d   Thumb Code    40  btod.o(CL$$btod_emul)
    __btod_mult_common                       0x0801b585   Thumb Code   580  btod.o(CL$$btod_mult_common)
    OSStartHighRdy                           0x0801b7c9   Thumb Code     0  os_cpu_a.o(CODE)
    PendSV_Handler                           0x0801b7ff   Thumb Code     0  os_cpu_a.o(CODE)
    __ARM_fpclassify                         0x0801b861   Thumb Code    40  fpclassify.o(i.__ARM_fpclassify)
    __kernel_poly                            0x0801b889   Thumb Code   170  poly.o(i.__kernel_poly)
    __mathlib_dbl_infnan                     0x0801b933   Thumb Code     6  dunder.o(i.__mathlib_dbl_infnan)
    __mathlib_dbl_infnan2                    0x0801b939   Thumb Code     4  dunder.o(i.__mathlib_dbl_infnan2)
    __mathlib_dbl_invalid                    0x0801b93d   Thumb Code    12  dunder.o(i.__mathlib_dbl_invalid)
    __mathlib_dbl_underflow                  0x0801b949   Thumb Code    10  dunder.o(i.__mathlib_dbl_underflow)
    _is_digit                                0x0801b959   Thumb Code    14  __printf_wp.o(i._is_digit)
    asin                                     0x0801b969   Thumb Code   572  asin.o(i.asin)
    atan                                     0x0801bbd9   Thumb Code   474  atan.o(i.atan)
    atan2                                    0x0801bdf9   Thumb Code   346  atan2.o(i.atan2)
    sqrt                                     0x0801bf79   Thumb Code    76  sqrt.o(i.sqrt)
    _get_lc_ctype                            0x0801bfc5   Thumb Code    44  lc_ctype_c.o(locale$$code)
    _get_lc_numeric                          0x0801bff1   Thumb Code    44  lc_numeric_c.o(locale$$code)
    __aeabi_d2f                              0x0801c01d   Thumb Code     0  d2f.o(x$fpl$d2f)
    _d2f                                     0x0801c01d   Thumb Code    98  d2f.o(x$fpl$d2f)
    __aeabi_dadd                             0x0801c081   Thumb Code     0  daddsub_clz.o(x$fpl$dadd)
    _dadd                                    0x0801c081   Thumb Code   332  daddsub_clz.o(x$fpl$dadd)
    __fpl_dcheck_NaN1                        0x0801c1d1   Thumb Code    10  dcheck1.o(x$fpl$dcheck1)
    __aeabi_ddiv                             0x0801c1e1   Thumb Code     0  ddiv.o(x$fpl$ddiv)
    _ddiv                                    0x0801c1e1   Thumb Code   552  ddiv.o(x$fpl$ddiv)
    __aeabi_d2iz                             0x0801c491   Thumb Code     0  dfix.o(x$fpl$dfix)
    _dfix                                    0x0801c491   Thumb Code    94  dfix.o(x$fpl$dfix)
    __aeabi_d2uiz                            0x0801c4f1   Thumb Code     0  dfixu.o(x$fpl$dfixu)
    _dfixu                                   0x0801c4f1   Thumb Code    90  dfixu.o(x$fpl$dfixu)
    __aeabi_i2d                              0x0801c54b   Thumb Code     0  dflt_clz.o(x$fpl$dflt)
    _dflt                                    0x0801c54b   Thumb Code    46  dflt_clz.o(x$fpl$dflt)
    __aeabi_ui2d                             0x0801c579   Thumb Code     0  dflt_clz.o(x$fpl$dfltu)
    _dfltu                                   0x0801c579   Thumb Code    38  dflt_clz.o(x$fpl$dfltu)
    __aeabi_dmul                             0x0801c5a1   Thumb Code     0  dmul.o(x$fpl$dmul)
    _dmul                                    0x0801c5a1   Thumb Code   332  dmul.o(x$fpl$dmul)
    __fpl_dnaninf                            0x0801c6f5   Thumb Code   156  dnaninf.o(x$fpl$dnaninf)
    __fpl_dretinf                            0x0801c791   Thumb Code    12  dretinf.o(x$fpl$dretinf)
    __aeabi_drsub                            0x0801c79d   Thumb Code     0  daddsub_clz.o(x$fpl$drsb)
    _drsb                                    0x0801c79d   Thumb Code    22  daddsub_clz.o(x$fpl$drsb)
    _dsqrt                                   0x0801c7b5   Thumb Code   456  dsqrt_noumaal.o(x$fpl$dsqrt)
    __aeabi_dsub                             0x0801c981   Thumb Code     0  daddsub_clz.o(x$fpl$dsub)
    _dsub                                    0x0801c981   Thumb Code   464  daddsub_clz.o(x$fpl$dsub)
    __aeabi_f2d                              0x0801cb55   Thumb Code     0  f2d.o(x$fpl$f2d)
    _f2d                                     0x0801cb55   Thumb Code    86  f2d.o(x$fpl$f2d)
    __aeabi_fadd                             0x0801cbad   Thumb Code     0  faddsub_clz.o(x$fpl$fadd)
    _fadd                                    0x0801cbad   Thumb Code   196  faddsub_clz.o(x$fpl$fadd)
    __fpl_fcmp_Inf                           0x0801cc71   Thumb Code    24  fcmpi.o(x$fpl$fcmpinf)
    __aeabi_fdiv                             0x0801cc89   Thumb Code     0  fdiv.o(x$fpl$fdiv)
    _fdiv                                    0x0801cc89   Thumb Code   384  fdiv.o(x$fpl$fdiv)
    __aeabi_cfcmpeq                          0x0801ce0d   Thumb Code     0  feqf.o(x$fpl$feqf)
    _fcmpeq                                  0x0801ce0d   Thumb Code   104  feqf.o(x$fpl$feqf)
    __aeabi_f2iz                             0x0801ce75   Thumb Code     0  ffix.o(x$fpl$ffix)
    _ffix                                    0x0801ce75   Thumb Code    54  ffix.o(x$fpl$ffix)
    __aeabi_f2uiz                            0x0801cead   Thumb Code     0  ffixu.o(x$fpl$ffixu)
    _ffixu                                   0x0801cead   Thumb Code    62  ffixu.o(x$fpl$ffixu)
    __aeabi_i2f                              0x0801ceed   Thumb Code     0  fflt_clz.o(x$fpl$fflt)
    _fflt                                    0x0801ceed   Thumb Code    48  fflt_clz.o(x$fpl$fflt)
    __aeabi_ui2f                             0x0801cf1d   Thumb Code     0  fflt_clz.o(x$fpl$ffltu)
    _ffltu                                   0x0801cf1d   Thumb Code    38  fflt_clz.o(x$fpl$ffltu)
    __aeabi_cfcmple                          0x0801cf45   Thumb Code     0  fleqf.o(x$fpl$fleqf)
    _fcmple                                  0x0801cf45   Thumb Code   104  fleqf.o(x$fpl$fleqf)
    __fpl_fcmple_InfNaN                      0x0801cf97   Thumb Code     0  fleqf.o(x$fpl$fleqf)
    __aeabi_fmul                             0x0801cfad   Thumb Code     0  fmul.o(x$fpl$fmul)
    _fmul                                    0x0801cfad   Thumb Code   258  fmul.o(x$fpl$fmul)
    __fpl_fnaninf                            0x0801d0af   Thumb Code   140  fnaninf.o(x$fpl$fnaninf)
    __fpl_fretinf                            0x0801d13b   Thumb Code    10  fretinf.o(x$fpl$fretinf)
    __aeabi_cfrcmple                         0x0801d145   Thumb Code     0  frleqf.o(x$fpl$frleqf)
    _frcmple                                 0x0801d145   Thumb Code    98  frleqf.o(x$fpl$frleqf)
    __aeabi_fsub                             0x0801d1a9   Thumb Code     0  faddsub_clz.o(x$fpl$fsub)
    _fsub                                    0x0801d1a9   Thumb Code   234  faddsub_clz.o(x$fpl$fsub)
    _printf_fp_dec                           0x0801d293   Thumb Code     4  printf1.o(x$fpl$printf1)
    _printf_fp_hex                           0x0801d297   Thumb Code     4  printf2.o(x$fpl$printf2)
    __fpl_return_NaN                         0x0801d29b   Thumb Code   100  retnan.o(x$fpl$retnan)
    __ARM_scalbn                             0x0801d2ff   Thumb Code    92  scalbn.o(x$fpl$scalbn)
    __fpl_cmpreturn                          0x0801d35b   Thumb Code    48  trapv.o(x$fpl$trapveneer)
    __I$use$fp                               0x0801d38a   Number         0  usenofp.o(x$fpl$usenofp)
    F6x8                                     0x0801d3b4   Data         552  oled.o(.constdata)
    F8X16                                    0x0801d5dc   Data        1520  oled.o(.constdata)
    Hzk                                      0x0801dbcc   Data        1216  oled.o(.constdata)
    table_week                               0x0801e08c   Data          12  rtc.o(.constdata)
    mon_table                                0x0801e098   Data          12  rtc.o(.constdata)
    reg                                      0x0801e0a4   Data          27  inv_mpu.o(.constdata)
    hw                                       0x0801e0c0   Data          12  inv_mpu.o(.constdata)
    test                                     0x0801e0cc   Data          40  inv_mpu.o(.constdata)
    asc2_1206                                0x0801ecea   Data        1140  lcd.o(.constdata)
    asc2_1608                                0x0801f15e   Data        1520  lcd.o(.constdata)
    asc2_2412                                0x0801f74e   Data        3420  lcd.o(.constdata)
    CPU_EndiannessTest                       0x080205ac   Data           4  cpu_core.o(.constdata)
    OSCfg_IdleTaskStkBasePtr                 0x08020644   Data           4  os_cfg_app.o(.constdata)
    OSCfg_IdleTaskStkLimit                   0x08020648   Data           4  os_cfg_app.o(.constdata)
    OSCfg_IdleTaskStkSize                    0x0802064c   Data           4  os_cfg_app.o(.constdata)
    OSCfg_IdleTaskStkSizeRAM                 0x08020650   Data           4  os_cfg_app.o(.constdata)
    OSCfg_IntQBasePtr                        0x08020654   Data           4  os_cfg_app.o(.constdata)
    OSCfg_IntQSize                           0x08020658   Data           2  os_cfg_app.o(.constdata)
    OSCfg_IntQSizeRAM                        0x0802065c   Data           4  os_cfg_app.o(.constdata)
    OSCfg_IntQTaskStkBasePtr                 0x08020660   Data           4  os_cfg_app.o(.constdata)
    OSCfg_IntQTaskStkLimit                   0x08020664   Data           4  os_cfg_app.o(.constdata)
    OSCfg_IntQTaskStkSize                    0x08020668   Data           4  os_cfg_app.o(.constdata)
    OSCfg_IntQTaskStkSizeRAM                 0x0802066c   Data           4  os_cfg_app.o(.constdata)
    OSCfg_ISRStkBasePtr                      0x08020670   Data           4  os_cfg_app.o(.constdata)
    OSCfg_ISRStkSize                         0x08020674   Data           4  os_cfg_app.o(.constdata)
    OSCfg_ISRStkSizeRAM                      0x08020678   Data           4  os_cfg_app.o(.constdata)
    OSCfg_MsgPoolSize                        0x0802067c   Data           2  os_cfg_app.o(.constdata)
    OSCfg_MsgPoolSizeRAM                     0x08020680   Data           4  os_cfg_app.o(.constdata)
    OSCfg_MsgPoolBasePtr                     0x08020684   Data           4  os_cfg_app.o(.constdata)
    OSCfg_StatTaskPrio                       0x08020688   Data           1  os_cfg_app.o(.constdata)
    OSCfg_StatTaskRate_Hz                    0x0802068c   Data           4  os_cfg_app.o(.constdata)
    OSCfg_StatTaskStkBasePtr                 0x08020690   Data           4  os_cfg_app.o(.constdata)
    OSCfg_StatTaskStkLimit                   0x08020694   Data           4  os_cfg_app.o(.constdata)
    OSCfg_StatTaskStkSize                    0x08020698   Data           4  os_cfg_app.o(.constdata)
    OSCfg_StatTaskStkSizeRAM                 0x0802069c   Data           4  os_cfg_app.o(.constdata)
    OSCfg_StkSizeMin                         0x080206a0   Data           4  os_cfg_app.o(.constdata)
    OSCfg_TickRate_Hz                        0x080206a4   Data           4  os_cfg_app.o(.constdata)
    OSCfg_TickTaskPrio                       0x080206a8   Data           1  os_cfg_app.o(.constdata)
    OSCfg_TickTaskStkBasePtr                 0x080206ac   Data           4  os_cfg_app.o(.constdata)
    OSCfg_TickTaskStkLimit                   0x080206b0   Data           4  os_cfg_app.o(.constdata)
    OSCfg_TickTaskStkSize                    0x080206b4   Data           4  os_cfg_app.o(.constdata)
    OSCfg_TickTaskStkSizeRAM                 0x080206b8   Data           4  os_cfg_app.o(.constdata)
    OSCfg_TickWheelSize                      0x080206bc   Data           2  os_cfg_app.o(.constdata)
    OSCfg_TickWheelSizeRAM                   0x080206c0   Data           4  os_cfg_app.o(.constdata)
    OSCfg_TmrTaskPrio                        0x080206c4   Data           1  os_cfg_app.o(.constdata)
    OSCfg_TmrTaskRate_Hz                     0x080206c8   Data           4  os_cfg_app.o(.constdata)
    OSCfg_TmrTaskStkBasePtr                  0x080206cc   Data           4  os_cfg_app.o(.constdata)
    OSCfg_TmrTaskStkLimit                    0x080206d0   Data           4  os_cfg_app.o(.constdata)
    OSCfg_TmrTaskStkSize                     0x080206d4   Data           4  os_cfg_app.o(.constdata)
    OSCfg_TmrTaskStkSizeRAM                  0x080206d8   Data           4  os_cfg_app.o(.constdata)
    OSCfg_TmrWheelSize                       0x080206dc   Data           2  os_cfg_app.o(.constdata)
    OSCfg_TmrWheelSizeRAM                    0x080206e0   Data           4  os_cfg_app.o(.constdata)
    OSCfg_DataSizeRAM                        0x080206e4   Data           4  os_cfg_app.o(.constdata)
    OSDbg_DbgEn                              0x080206e8   Data           2  os_dbg.o(.constdata)
    OSDbg_ArgChkEn                           0x080206ea   Data           1  os_dbg.o(.constdata)
    OSDbg_AppHooksEn                         0x080206eb   Data           1  os_dbg.o(.constdata)
    OSDbg_EndiannessTest                     0x080206ec   Data           4  os_dbg.o(.constdata)
    OSDbg_CalledFromISRChkEn                 0x080206f0   Data           1  os_dbg.o(.constdata)
    OSDbg_FlagEn                             0x080206f1   Data           1  os_dbg.o(.constdata)
    OSDbg_FlagGrp                            0x080206f4   Data          40  os_dbg.o(.constdata)
    OSDbg_FlagDelEn                          0x0802071c   Data           1  os_dbg.o(.constdata)
    OSDbg_FlagModeClrEn                      0x0802071d   Data           1  os_dbg.o(.constdata)
    OSDbg_FlagPendAbortEn                    0x0802071e   Data           1  os_dbg.o(.constdata)
    OSDbg_FlagGrpSize                        0x08020720   Data           2  os_dbg.o(.constdata)
    OSDbg_FlagWidth                          0x08020722   Data           2  os_dbg.o(.constdata)
    OSDbg_IntQ                               0x08020724   Data           2  os_dbg.o(.constdata)
    OSDbg_ISRPostDeferredEn                  0x08020726   Data           1  os_dbg.o(.constdata)
    OSDbg_Mem                                0x08020728   Data          32  os_dbg.o(.constdata)
    OSDbg_MemEn                              0x08020748   Data           1  os_dbg.o(.constdata)
    OSDbg_MemSize                            0x0802074a   Data           2  os_dbg.o(.constdata)
    OSDbg_MsgEn                              0x0802074c   Data           1  os_dbg.o(.constdata)
    OSDbg_MsgSize                            0x0802074e   Data           2  os_dbg.o(.constdata)
    OSDbg_MsgPoolSize                        0x08020750   Data           2  os_dbg.o(.constdata)
    OSDbg_MsgQSize                           0x08020752   Data           2  os_dbg.o(.constdata)
    OSDbg_Mutex                              0x08020754   Data          44  os_dbg.o(.constdata)
    OSDbg_MutexEn                            0x08020780   Data           1  os_dbg.o(.constdata)
    OSDbg_MutexDelEn                         0x08020781   Data           1  os_dbg.o(.constdata)
    OSDbg_MutexPendAbortEn                   0x08020782   Data           1  os_dbg.o(.constdata)
    OSDbg_MutexSize                          0x08020784   Data           2  os_dbg.o(.constdata)
    OSDbg_ObjTypeChkEn                       0x08020786   Data           1  os_dbg.o(.constdata)
    OSDbg_PendMultiEn                        0x08020787   Data           1  os_dbg.o(.constdata)
    OSDbg_PendDataSize                       0x08020788   Data           2  os_dbg.o(.constdata)
    OSDbg_PendListSize                       0x0802078a   Data           2  os_dbg.o(.constdata)
    OSDbg_PendObjSize                        0x0802078c   Data           2  os_dbg.o(.constdata)
    OSDbg_PrioMax                            0x0802078e   Data           2  os_dbg.o(.constdata)
    OSDbg_PrioTblSize                        0x08020790   Data           2  os_dbg.o(.constdata)
    OSDbg_PtrSize                            0x08020792   Data           2  os_dbg.o(.constdata)
    OSDbg_Q                                  0x08020794   Data          48  os_dbg.o(.constdata)
    OSDbg_QEn                                0x080207c4   Data           1  os_dbg.o(.constdata)
    OSDbg_QDelEn                             0x080207c5   Data           1  os_dbg.o(.constdata)
    OSDbg_QFlushEn                           0x080207c6   Data           1  os_dbg.o(.constdata)
    OSDbg_QPendAbortEn                       0x080207c7   Data           1  os_dbg.o(.constdata)
    OSDbg_QSize                              0x080207c8   Data           2  os_dbg.o(.constdata)
    OSDbg_SchedRoundRobinEn                  0x080207ca   Data           1  os_dbg.o(.constdata)
    OSDbg_Sem                                0x080207cc   Data          40  os_dbg.o(.constdata)
    OSDbg_SemEn                              0x080207f4   Data           1  os_dbg.o(.constdata)
    OSDbg_SemDelEn                           0x080207f5   Data           1  os_dbg.o(.constdata)
    OSDbg_SemPendAbortEn                     0x080207f6   Data           1  os_dbg.o(.constdata)
    OSDbg_SemSetEn                           0x080207f7   Data           1  os_dbg.o(.constdata)
    OSDbg_SemSize                            0x080207f8   Data           2  os_dbg.o(.constdata)
    OSDbg_RdyList                            0x080207fa   Data           2  os_dbg.o(.constdata)
    OSDbg_RdyListSize                        0x080207fc   Data           4  os_dbg.o(.constdata)
    OSDbg_StkWidth                           0x08020800   Data           1  os_dbg.o(.constdata)
    OSDbg_StatTaskEn                         0x08020801   Data           1  os_dbg.o(.constdata)
    OSDbg_StatTaskStkChkEn                   0x08020802   Data           1  os_dbg.o(.constdata)
    OSDbg_TaskChangePrioEn                   0x08020803   Data           1  os_dbg.o(.constdata)
    OSDbg_TaskDelEn                          0x08020804   Data           1  os_dbg.o(.constdata)
    OSDbg_TaskQEn                            0x08020805   Data           1  os_dbg.o(.constdata)
    OSDbg_TaskQPendAbortEn                   0x08020806   Data           1  os_dbg.o(.constdata)
    OSDbg_TaskProfileEn                      0x08020807   Data           1  os_dbg.o(.constdata)
    OSDbg_TaskRegTblSize                     0x08020808   Data           2  os_dbg.o(.constdata)
    OSDbg_TaskSemPendAbortEn                 0x0802080a   Data           1  os_dbg.o(.constdata)
    OSDbg_TaskSuspendEn                      0x0802080b   Data           1  os_dbg.o(.constdata)
    OSDbg_TCBSize                            0x0802080c   Data           2  os_dbg.o(.constdata)
    OSDbg_TickSpokeSize                      0x0802080e   Data           2  os_dbg.o(.constdata)
    OSDbg_TimeDlyHMSMEn                      0x08020810   Data           1  os_dbg.o(.constdata)
    OSDbg_TimeDlyResumeEn                    0x08020811   Data           1  os_dbg.o(.constdata)
    OSDbg_TLS_TblSize                        0x08020812   Data           2  os_dbg.o(.constdata)
    OSDbg_Tmr                                0x08020814   Data          52  os_dbg.o(.constdata)
    OSDbg_TmrEn                              0x08020848   Data           1  os_dbg.o(.constdata)
    OSDbg_TmrDelEn                           0x08020849   Data           1  os_dbg.o(.constdata)
    OSDbg_TmrSize                            0x0802084a   Data           2  os_dbg.o(.constdata)
    OSDbg_TmrSpokeSize                       0x0802084c   Data           2  os_dbg.o(.constdata)
    OSDbg_VersionNbr                         0x0802084e   Data           2  os_dbg.o(.constdata)
    OSDbg_DataSize                           0x08020850   Data           4  os_dbg.o(.constdata)
    __mathlib_zero                           0x08020980   Data           8  qnan.o(.constdata)
    Region$$Table$$Base                      0x08020a94   Number         0  anon$$obj.o(Region$$Table)
    Region$$Table$$Limit                     0x08020ab4   Number         0  anon$$obj.o(Region$$Table)
    __ctype                                  0x08020ac1   Data           0  lc_ctype_c.o(locale$$data)
    g_oled_display_flag                      0x20000000   Data           4  main.o(.data)
    g_oled_display_time_count                0x20000004   Data           4  main.o(.data)
    SystemCoreClock                          0x2000000c   Data           4  system_stm32f10x.o(.data)
    AHBPrescTable                            0x20000010   Data          16  system_stm32f10x.o(.data)
    USART2_RX_STA                            0x20000020   Data           2  usart2.o(.data)
    USART3_RX_STA                            0x20000024   Data           2  usart3.o(.data)
    UART4_RX_STA                             0x2000002c   Data           2  uart4.o(.data)
    MQ135_ADC_ConvertedValue                 0x20000036   Data           2  mq135.o(.data)
    POINT_COLOR                              0x2000006e   Data           2  lcd.o(.data)
    BACK_COLOR                               0x20000070   Data           2  lcd.o(.data)
    TransferError                            0x2000007e   Data           1  sdio_sdcard.o(.data)
    TransferEnd                              0x2000007f   Data           1  sdio_sdcard.o(.data)
    tempbuff                                 0x20000080   Data           4  sdio_sdcard.o(.data)
    __stdout                                 0x20000088   Data           4  usart.o(.data)
    USART_RX_STA                             0x2000008c   Data           2  usart.o(.data)
    CPU_TS_TmrFreq_Hz                        0x200000a4   Data           4  cpu_core.o(.data)
    Mem_PoolTbl                              0x200000a8   Data           4  lib_mem.o(.data)
    OSPrioTbl                                0x200000ac   Data           8  os_prio.o(.data)
    OS_AppTaskCreateHookPtr                  0x200000b4   Data           4  os_var.o(.data)
    OS_AppTaskDelHookPtr                     0x200000b8   Data           4  os_var.o(.data)
    OS_AppTaskReturnHookPtr                  0x200000bc   Data           4  os_var.o(.data)
    OS_AppIdleTaskHookPtr                    0x200000c0   Data           4  os_var.o(.data)
    OS_AppStatTaskHookPtr                    0x200000c4   Data           4  os_var.o(.data)
    OS_AppTaskSwHookPtr                      0x200000c8   Data           4  os_var.o(.data)
    OS_AppTimeTickHookPtr                    0x200000cc   Data           4  os_var.o(.data)
    OSIdleTaskCtr                            0x200000d0   Data           4  os_var.o(.data)
    OSIntNestingCtr                          0x200000d4   Data           1  os_var.o(.data)
    OSRunning                                0x200000d5   Data           1  os_var.o(.data)
    OSIntQInPtr                              0x200000d8   Data           4  os_var.o(.data)
    OSIntQOutPtr                             0x200000dc   Data           4  os_var.o(.data)
    OSIntQNbrEntries                         0x200000e0   Data           2  os_var.o(.data)
    OSIntQNbrEntriesMax                      0x200000e2   Data           2  os_var.o(.data)
    OSIntQOvfCtr                             0x200000e4   Data           2  os_var.o(.data)
    OSIntQTaskTimeMax                        0x200000e8   Data           4  os_var.o(.data)
    OSFlagDbgListPtr                         0x200000ec   Data           4  os_var.o(.data)
    OSFlagQty                                0x200000f0   Data           2  os_var.o(.data)
    OSMemDbgListPtr                          0x200000f4   Data           4  os_var.o(.data)
    OSMemQty                                 0x200000f8   Data           2  os_var.o(.data)
    OSMutexDbgListPtr                        0x200000fc   Data           4  os_var.o(.data)
    OSMutexQty                               0x20000100   Data           2  os_var.o(.data)
    OSPrioCur                                0x20000102   Data           1  os_var.o(.data)
    OSPrioHighRdy                            0x20000103   Data           1  os_var.o(.data)
    OSPrioSaved                              0x20000104   Data           1  os_var.o(.data)
    OSQDbgListPtr                            0x20000108   Data           4  os_var.o(.data)
    OSQQty                                   0x2000010c   Data           2  os_var.o(.data)
    OSSchedLockTimeBegin                     0x20000110   Data           4  os_var.o(.data)
    OSSchedLockTimeMax                       0x20000114   Data           4  os_var.o(.data)
    OSSchedLockTimeMaxCur                    0x20000118   Data           4  os_var.o(.data)
    OSSchedLockNestingCtr                    0x2000011c   Data           1  os_var.o(.data)
    OSSchedRoundRobinDfltTimeQuanta          0x20000120   Data           4  os_var.o(.data)
    OSSchedRoundRobinEn                      0x20000124   Data           1  os_var.o(.data)
    OSSemDbgListPtr                          0x20000128   Data           4  os_var.o(.data)
    OSSemQty                                 0x2000012c   Data           2  os_var.o(.data)
    OSStatResetFlag                          0x2000012e   Data           1  os_var.o(.data)
    OSStatTaskCPUUsage                       0x20000130   Data           2  os_var.o(.data)
    OSStatTaskCPUUsageMax                    0x20000132   Data           2  os_var.o(.data)
    OSStatTaskCtr                            0x20000134   Data           4  os_var.o(.data)
    OSStatTaskCtrMax                         0x20000138   Data           4  os_var.o(.data)
    OSStatTaskCtrRun                         0x2000013c   Data           4  os_var.o(.data)
    OSStatTaskRdy                            0x20000140   Data           1  os_var.o(.data)
    OSStatTaskTimeMax                        0x20000144   Data           4  os_var.o(.data)
    OSTaskCtxSwCtr                           0x20000148   Data           4  os_var.o(.data)
    OSTaskDbgListPtr                         0x2000014c   Data           4  os_var.o(.data)
    OSTaskQty                                0x20000150   Data           2  os_var.o(.data)
    OSTaskRegNextAvailID                     0x20000152   Data           1  os_var.o(.data)
    OSTickCtr                                0x20000154   Data           4  os_var.o(.data)
    OSTickTaskTimeMax                        0x20000158   Data           4  os_var.o(.data)
    OSTmrDbgListPtr                          0x2000015c   Data           4  os_var.o(.data)
    OSTmrQty                                 0x20000160   Data           2  os_var.o(.data)
    OSTmrTaskTimeMax                         0x20000164   Data           4  os_var.o(.data)
    OSTmrTickCtr                             0x20000168   Data           4  os_var.o(.data)
    OSTmrUpdateCnt                           0x2000016c   Data           4  os_var.o(.data)
    OSTmrUpdateCtr                           0x20000170   Data           4  os_var.o(.data)
    OSTCBCurPtr                              0x20000174   Data           4  os_var.o(.data)
    OSTCBHighRdyPtr                          0x20000178   Data           4  os_var.o(.data)
    OS_CPU_ExceptStkBase                     0x2000017c   Data           4  os_cpu_c.o(.data)
    EXTI_InitStructure                       0x20000180   Data           8  lora_app.o(.data)
    NVIC_InitStructure                       0x20000188   Data           4  lora_app.o(.data)
    Lora_mode                                0x2000018c   Data           1  lora_app.o(.data)
    set_Already                              0x2000018d   Data           1  lora_app.o(.data)
    Dire_Date                                0x2000018f   Data           5  lora_app.o(.data)
    obj_addr                                 0x20000194   Data           4  lora_app.o(.data)
    obj_chn                                  0x20000198   Data           1  lora_app.o(.data)
    StartTaskTCB                             0x200001a0   Data         196  main.o(.bss)
    START_TASK_STK                           0x20000264   Data        2048  main.o(.bss)
    DHT11_Task_TCB                           0x20000a64   Data         196  main.o(.bss)
    DHT11_TASK_STK                           0x20000b28   Data         512  main.o(.bss)
    TDLAS_Task_TCB                           0x20000d28   Data         196  main.o(.bss)
    TDLAS_TASK_STK                           0x20000dec   Data        2048  main.o(.bss)
    MQ135_Task_TCB                           0x200015ec   Data         196  main.o(.bss)
    MQ135_TASK_STK                           0x200016b0   Data         512  main.o(.bss)
    MQ4_Task_TCB                             0x200018b0   Data         196  main.o(.bss)
    MQ4_TASK_STK                             0x20001974   Data         512  main.o(.bss)
    IWG_Task_TCB                             0x20001b74   Data         196  main.o(.bss)
    IWG_TASK_STK                             0x20001c38   Data         512  main.o(.bss)
    SAVE_Task_TCB                            0x20001e38   Data         196  main.o(.bss)
    SAVE_TASK_STK                            0x20001efc   Data        2048  main.o(.bss)
    LORA_Task_TCB                            0x200026fc   Data         196  main.o(.bss)
    LORA_TASK_STK                            0x200027c0   Data        2048  main.o(.bss)
    RTC_Task_TCB                             0x20002fc0   Data         196  main.o(.bss)
    RTC_TASK_STK                             0x20003084   Data         512  main.o(.bss)
    Led0TaskTCB                              0x20003284   Data         196  main.o(.bss)
    LED0_TASK_STK                            0x20003348   Data         512  main.o(.bss)
    Led1TaskTCB                              0x20003548   Data         196  main.o(.bss)
    LED1_TASK_STK                            0x2000360c   Data         512  main.o(.bss)
    BEEP_Task_TCB                            0x2000380c   Data         196  main.o(.bss)
    BEEP_TASK_STK                            0x200038d0   Data         512  main.o(.bss)
    KEY_Task_TCB                             0x20003ad0   Data         196  main.o(.bss)
    KEY_TASK_STK                             0x20003b94   Data         512  main.o(.bss)
    Mpu6050TaskTCB                           0x20003d94   Data         196  main.o(.bss)
    MPU6050_TASK_STK                         0x20003e58   Data         512  main.o(.bss)
    TASK_STA_Task_TCB                        0x20004058   Data         196  main.o(.bss)
    TASK_STA_TASK_STK                        0x2000411c   Data         512  main.o(.bss)
    FloatTaskTCB                             0x2000431c   Data         196  main.o(.bss)
    FLOAT_TASK_STK                           0x200043e0   Data         512  main.o(.bss)
    g_flag_grp                               0x200045e0   Data          40  main.o(.bss)
    g_sem_led                                0x20004608   Data          40  main.o(.bss)
    g_sem_beep                               0x20004630   Data          40  main.o(.bss)
    g_mutex_printf                           0x20004658   Data          44  main.o(.bss)
    g_mutex_oled                             0x20004684   Data          44  main.o(.bss)
    g_mutex_lcd                              0x200046b0   Data          44  main.o(.bss)
    g_mutex_TDLAS                            0x200046dc   Data          44  main.o(.bss)
    g_mutex_LORA                             0x20004708   Data          44  main.o(.bss)
    g_mutex_DHT11                            0x20004734   Data          44  main.o(.bss)
    g_mutex_NODE                             0x20004760   Data          44  main.o(.bss)
    g_queue_usart1                           0x2000478c   Data          48  main.o(.bss)
    g_queue_usart2                           0x200047bc   Data          48  main.o(.bss)
    g_queue_usart3                           0x200047ec   Data          48  main.o(.bss)
    g_queue_usart4                           0x2000481c   Data          48  main.o(.bss)
    g_queue_usart5                           0x2000484c   Data          48  main.o(.bss)
    g_queue_dht11_to_lora                    0x2000487c   Data          48  main.o(.bss)
    g_queue_dht11_to_txt                     0x200048ac   Data          48  main.o(.bss)
    g_queue_TDLAS_to_lora                    0x200048dc   Data          48  main.o(.bss)
    g_queue_TDLAS_to_txt                     0x2000490c   Data          48  main.o(.bss)
    g_queue_MQ135_to_lora                    0x2000493c   Data          48  main.o(.bss)
    g_queue_MQ135_to_txt                     0x2000496c   Data          48  main.o(.bss)
    g_queue_MQ4_to_lora                      0x2000499c   Data          48  main.o(.bss)
    g_queue_MQ4_to_txt                       0x200049cc   Data          48  main.o(.bss)
    temp_buf                                 0x200049fc   Data          16  main.o(.bss)
    humi_buf                                 0x20004a0c   Data          16  main.o(.bss)
    TDLAS                                    0x20004a1c   Data          20  main.o(.bss)
    LORA                                     0x20004a30   Data          20  main.o(.bss)
    MQ135                                    0x20004a44   Data          20  main.o(.bss)
    MQ4                                      0x20004a58   Data          20  main.o(.bss)
    node_1                                   0x20004a70   Data          56  main.o(.bss)
    USART2_RX_BUF                            0x20004aa8   Data         600  usart2.o(.bss)
    USART2_TX_BUF                            0x20004d00   Data         600  usart2.o(.bss)
    USART3_RX_BUF                            0x20004f58   Data        1024  usart3.o(.bss)
    USART3_TX_BUF                            0x20005358   Data         600  usart3.o(.bss)
    USART_InitStructure                      0x200055b0   Data          16  usart3.o(.bss)
    UART4_RX_BUF                             0x200055c0   Data         600  uart4.o(.bss)
    UART4_TX_BUF                             0x20005818   Data         600  uart4.o(.bss)
    calendar                                 0x20005a70   Data          10  rtc.o(.bss)
    lcddev                                   0x20005a8c   Data          14  lcd.o(.bss)
    SDCardInfo                               0x20005b08   Data          88  sdio_sdcard.o(.bss)
    SDIO_DATA_BUFFER                         0x20005b60   Data         512  sdio_sdcard.o(.bss)
    USART_RX_BUF                             0x20005d60   Data         200  usart.o(.bss)
    CPU_Name                                 0x20005e28   Data          16  cpu_core.o(.bss)
    Mem_PoolHeap                             0x20005e38   Data          72  lib_mem.o(.bss)
    Mem_Heap                                 0x20005e80   Data        1024  lib_mem.o(.bss)
    OSCfg_IdleTaskStk                        0x20006280   Data         512  os_cfg_app.o(.bss)
    OSCfg_IntQ                               0x20006480   Data         320  os_cfg_app.o(.bss)
    OSCfg_IntQTaskStk                        0x200065c0   Data         512  os_cfg_app.o(.bss)
    OSCfg_ISRStk                             0x200067c0   Data         512  os_cfg_app.o(.bss)
    OSCfg_MsgPool                            0x200069c0   Data        1600  os_cfg_app.o(.bss)
    OSCfg_StatTaskStk                        0x20007000   Data         512  os_cfg_app.o(.bss)
    OSCfg_TickTaskStk                        0x20007200   Data         512  os_cfg_app.o(.bss)
    OSCfg_TickWheel                          0x20007400   Data         136  os_cfg_app.o(.bss)
    OSCfg_TmrTaskStk                         0x20007488   Data         512  os_cfg_app.o(.bss)
    OSCfg_TmrWheel                           0x20007688   Data         136  os_cfg_app.o(.bss)
    OSIdleTaskTCB                            0x20007710   Data         196  os_var.o(.bss)
    OSIntQTaskTCB                            0x200077d4   Data         196  os_var.o(.bss)
    OSMsgPool                                0x20007898   Data          12  os_var.o(.bss)
    OSRdyList                                0x200078a4   Data         768  os_var.o(.bss)
    OSStatTaskTCB                            0x20007ba4   Data         196  os_var.o(.bss)
    OSTickTaskTCB                            0x20007c68   Data         196  os_var.o(.bss)
    OSTmrTaskTCB                             0x20007d2c   Data         196  os_var.o(.bss)
    My_LoRa_CFG                              0x20007df0   Data          10  lora_app.o(.bss)
    date                                     0x20007dfa   Data          30  lora_app.o(.bss)
    Tran_Data                                0x20007e18   Data          30  lora_app.o(.bss)
    wlcd_buff                                0x20007e36   Data          10  lora_app.o(.bss)
    rlcd_buff                                0x20007e40   Data          10  lora_app.o(.bss)
    __libspace_start                         0x20007e4c   Data          96  libspace.o(.bss)
    __temporary_stack_top$libspace           0x20007eac   Data           0  libspace.o(.bss)
    mem2base                                 0x68000000   Data       983040  malloc.o(.ARM.__AT_0x68000000)
    mem2mapbase                              0x680f0000   Data       61440  malloc.o(.ARM.__AT_0x680F0000)



==============================================================================

Memory Map of the image

  Image Entry point : 0x08000131

  Load Region LR_IROM1 (Base: 0x08000000, Size: 0x00020d7c, Max: 0x00080000, ABSOLUTE, COMPRESSED[0x00020c20])

    Execution Region ER_IROM1 (Base: 0x08000000, Size: 0x00020be0, Max: 0x00080000, ABSOLUTE)

    Base Addr    Size         Type   Attr      Idx    E Section Name        Object

    0x08000000   0x00000130   Data   RO          687    RESET               startup_stm32f10x_hd.o
    0x08000130   0x00000008   Code   RO         1668  * !!!main             c_w.l(__main.o)
    0x08000138   0x00000034   Code   RO         2201    !!!scatter          c_w.l(__scatter.o)
    0x0800016c   0x0000005a   Code   RO         2199    !!dczerorl2         c_w.l(__dczerorl2.o)
    0x080001c6   0x00000002   PAD
    0x080001c8   0x0000001c   Code   RO         2203    !!handler_zi        c_w.l(__scatter_zi.o)
    0x080001e4   0x00000000   Code   RO         1637    .ARM.Collect$$_printf_percent$$00000000  c_w.l(_printf_percent.o)
    0x080001e4   0x00000006   Code   RO         1833    .ARM.Collect$$_printf_percent$$00000001  c_w.l(_printf_n.o)
    0x080001ea   0x00000006   Code   RO         1834    .ARM.Collect$$_printf_percent$$00000002  c_w.l(_printf_p.o)
    0x080001f0   0x00000006   Code   RO         1635    .ARM.Collect$$_printf_percent$$00000003  c_w.l(_printf_f.o)
    0x080001f6   0x00000006   Code   RO         1837    .ARM.Collect$$_printf_percent$$00000004  c_w.l(_printf_e.o)
    0x080001fc   0x00000006   Code   RO         1636    .ARM.Collect$$_printf_percent$$00000005  c_w.l(_printf_g.o)
    0x08000202   0x00000006   Code   RO         1838    .ARM.Collect$$_printf_percent$$00000006  c_w.l(_printf_a.o)
    0x08000208   0x0000000a   Code   RO         1843    .ARM.Collect$$_printf_percent$$00000007  c_w.l(_printf_ll.o)
    0x08000212   0x00000006   Code   RO         1633    .ARM.Collect$$_printf_percent$$00000008  c_w.l(_printf_i.o)
    0x08000218   0x00000006   Code   RO         1634    .ARM.Collect$$_printf_percent$$00000009  c_w.l(_printf_d.o)
    0x0800021e   0x00000006   Code   RO         1836    .ARM.Collect$$_printf_percent$$0000000A  c_w.l(_printf_u.o)
    0x08000224   0x00000006   Code   RO         1835    .ARM.Collect$$_printf_percent$$0000000B  c_w.l(_printf_o.o)
    0x0800022a   0x00000006   Code   RO         1632    .ARM.Collect$$_printf_percent$$0000000C  c_w.l(_printf_x.o)
    0x08000230   0x00000006   Code   RO         1840    .ARM.Collect$$_printf_percent$$0000000D  c_w.l(_printf_lli.o)
    0x08000236   0x00000006   Code   RO         1841    .ARM.Collect$$_printf_percent$$0000000E  c_w.l(_printf_lld.o)
    0x0800023c   0x00000006   Code   RO         1842    .ARM.Collect$$_printf_percent$$0000000F  c_w.l(_printf_llu.o)
    0x08000242   0x00000006   Code   RO         1847    .ARM.Collect$$_printf_percent$$00000010  c_w.l(_printf_llo.o)
    0x08000248   0x00000006   Code   RO         1848    .ARM.Collect$$_printf_percent$$00000011  c_w.l(_printf_llx.o)
    0x0800024e   0x0000000a   Code   RO         1844    .ARM.Collect$$_printf_percent$$00000012  c_w.l(_printf_l.o)
    0x08000258   0x00000006   Code   RO         1832    .ARM.Collect$$_printf_percent$$00000013  c_w.l(_printf_c.o)
    0x0800025e   0x00000006   Code   RO         1631    .ARM.Collect$$_printf_percent$$00000014  c_w.l(_printf_s.o)
    0x08000264   0x00000006   Code   RO         1845    .ARM.Collect$$_printf_percent$$00000015  c_w.l(_printf_lc.o)
    0x0800026a   0x00000006   Code   RO         1846    .ARM.Collect$$_printf_percent$$00000016  c_w.l(_printf_ls.o)
    0x08000270   0x00000004   Code   RO         1839    .ARM.Collect$$_printf_percent$$00000017  c_w.l(_printf_percent_end.o)
    0x08000274   0x00000002   Code   RO         2117    .ARM.Collect$$libinit$$00000000  c_w.l(libinit.o)
    0x08000276   0x00000000   Code   RO         1862    .ARM.Collect$$libinit$$00000002  c_w.l(libinit2.o)
    0x08000276   0x00000000   Code   RO         1864    .ARM.Collect$$libinit$$00000004  c_w.l(libinit2.o)
    0x08000276   0x00000000   Code   RO         1867    .ARM.Collect$$libinit$$0000000A  c_w.l(libinit2.o)
    0x08000276   0x00000000   Code   RO         1869    .ARM.Collect$$libinit$$0000000C  c_w.l(libinit2.o)
    0x08000276   0x00000000   Code   RO         1871    .ARM.Collect$$libinit$$0000000E  c_w.l(libinit2.o)
    0x08000276   0x00000006   Code   RO         1872    .ARM.Collect$$libinit$$0000000F  c_w.l(libinit2.o)
    0x0800027c   0x00000000   Code   RO         1874    .ARM.Collect$$libinit$$00000011  c_w.l(libinit2.o)
    0x0800027c   0x0000000c   Code   RO         1875    .ARM.Collect$$libinit$$00000012  c_w.l(libinit2.o)
    0x08000288   0x00000000   Code   RO         1876    .ARM.Collect$$libinit$$00000013  c_w.l(libinit2.o)
    0x08000288   0x00000000   Code   RO         1878    .ARM.Collect$$libinit$$00000015  c_w.l(libinit2.o)
    0x08000288   0x0000000a   Code   RO         1879    .ARM.Collect$$libinit$$00000016  c_w.l(libinit2.o)
    0x08000292   0x00000000   Code   RO         1880    .ARM.Collect$$libinit$$00000017  c_w.l(libinit2.o)
    0x08000292   0x00000000   Code   RO         1882    .ARM.Collect$$libinit$$00000019  c_w.l(libinit2.o)
    0x08000292   0x00000000   Code   RO         1884    .ARM.Collect$$libinit$$0000001B  c_w.l(libinit2.o)
    0x08000292   0x00000000   Code   RO         1886    .ARM.Collect$$libinit$$0000001D  c_w.l(libinit2.o)
    0x08000292   0x00000000   Code   RO         1888    .ARM.Collect$$libinit$$0000001F  c_w.l(libinit2.o)
    0x08000292   0x00000000   Code   RO         1890    .ARM.Collect$$libinit$$00000021  c_w.l(libinit2.o)
    0x08000292   0x00000000   Code   RO         1892    .ARM.Collect$$libinit$$00000023  c_w.l(libinit2.o)
    0x08000292   0x00000000   Code   RO         1894    .ARM.Collect$$libinit$$00000025  c_w.l(libinit2.o)
    0x08000292   0x00000000   Code   RO         1898    .ARM.Collect$$libinit$$0000002C  c_w.l(libinit2.o)
    0x08000292   0x00000000   Code   RO         1900    .ARM.Collect$$libinit$$0000002E  c_w.l(libinit2.o)
    0x08000292   0x00000000   Code   RO         1902    .ARM.Collect$$libinit$$00000030  c_w.l(libinit2.o)
    0x08000292   0x00000000   Code   RO         1904    .ARM.Collect$$libinit$$00000032  c_w.l(libinit2.o)
    0x08000292   0x00000002   Code   RO         1905    .ARM.Collect$$libinit$$00000033  c_w.l(libinit2.o)
    0x08000294   0x00000002   Code   RO         2196    .ARM.Collect$$libshutdown$$00000000  c_w.l(libshutdown.o)
    0x08000296   0x00000000   Code   RO         2142    .ARM.Collect$$libshutdown$$00000003  c_w.l(libshutdown2.o)
    0x08000296   0x00000000   Code   RO         2145    .ARM.Collect$$libshutdown$$00000006  c_w.l(libshutdown2.o)
    0x08000296   0x00000000   Code   RO         2148    .ARM.Collect$$libshutdown$$00000009  c_w.l(libshutdown2.o)
    0x08000296   0x00000000   Code   RO         2150    .ARM.Collect$$libshutdown$$0000000B  c_w.l(libshutdown2.o)
    0x08000296   0x00000000   Code   RO         2153    .ARM.Collect$$libshutdown$$0000000E  c_w.l(libshutdown2.o)
    0x08000296   0x00000002   Code   RO         2154    .ARM.Collect$$libshutdown$$0000000F  c_w.l(libshutdown2.o)
    0x08000298   0x00000000   Code   RO         1766    .ARM.Collect$$rtentry$$00000000  c_w.l(__rtentry.o)
    0x08000298   0x00000000   Code   RO         1970    .ARM.Collect$$rtentry$$00000002  c_w.l(__rtentry2.o)
    0x08000298   0x00000006   Code   RO         1982    .ARM.Collect$$rtentry$$00000004  c_w.l(__rtentry4.o)
    0x0800029e   0x00000000   Code   RO         1972    .ARM.Collect$$rtentry$$00000009  c_w.l(__rtentry2.o)
    0x0800029e   0x00000004   Code   RO         1973    .ARM.Collect$$rtentry$$0000000A  c_w.l(__rtentry2.o)
    0x080002a2   0x00000000   Code   RO         1975    .ARM.Collect$$rtentry$$0000000C  c_w.l(__rtentry2.o)
    0x080002a2   0x00000008   Code   RO         1976    .ARM.Collect$$rtentry$$0000000D  c_w.l(__rtentry2.o)
    0x080002aa   0x00000002   Code   RO         2126    .ARM.Collect$$rtexit$$00000000  c_w.l(rtexit.o)
    0x080002ac   0x00000000   Code   RO         2172    .ARM.Collect$$rtexit$$00000002  c_w.l(rtexit2.o)
    0x080002ac   0x00000004   Code   RO         2173    .ARM.Collect$$rtexit$$00000003  c_w.l(rtexit2.o)
    0x080002b0   0x00000006   Code   RO         2174    .ARM.Collect$$rtexit$$00000004  c_w.l(rtexit2.o)
    0x080002b6   0x00000002   PAD
    0x080002b8   0x0000169a   Code   RO            1    .text               main.o
    0x08001952   0x00000016   Code   RO          229    .text               stm32f10x_it.o
    0x08001968   0x000001e0   Code   RO          267    .text               system_stm32f10x.o
    0x08001b48   0x0000004c   Code   RO          285    .text               led.o
    0x08001b94   0x000001e0   Code   RO          301    .text               usart2.o
    0x08001d74   0x00000364   Code   RO          324    .text               usart3.o
    0x080020d8   0x0000018c   Code   RO          346    .text               uart4.o
    0x08002264   0x000000b0   Code   RO          365    .text               timer.o
    0x08002314   0x000002fc   Code   RO          378    .text               dht11.o
    0x08002610   0x00000770   Code   RO          390    .text               oled.o
    0x08002d80   0x00000038   Code   RO          428    .text               beep.o
    0x08002db8   0x000002a0   Code   RO          440    .text               key.o
    0x08003058   0x000004d4   Code   RO          460    .text               rtc.o
    0x0800352c   0x000003ac   Code   RO          495    .text               mpu6050.o
    0x080038d8   0x0000024c   Code   RO          511    .text               mpuiic.o
    0x08003b24   0x0000228c   Code   RO          523    .text               inv_mpu.o
    0x08005db0   0x00000d70   Code   RO          547    .text               inv_mpu_dmp_motion_driver.o
    0x08006b20   0x00004a5c   Code   RO          568    .text               lcd.o
    0x0800b57c   0x00001c30   Code   RO          595    .text               sdio_sdcard.o
    0x0800d1ac   0x0000014c   Code   RO          621    .text               delay.o
    0x0800d2f8   0x0000000c   Code   RO          636    .text               sys.o
    0x0800d304   0x0000014c   Code   RO          652    .text               usart.o
    0x0800d450   0x00000040   Code   RO          688    .text               startup_stm32f10x_hd.o
    0x0800d490   0x000000dc   Code   RO          692    .text               misc.o
    0x0800d56c   0x0000035c   Code   RO          704    .text               stm32f10x_gpio.o
    0x0800d8c8   0x00000408   Code   RO          716    .text               stm32f10x_usart.o
    0x0800dcd0   0x000003a4   Code   RO          728    .text               stm32f10x_rcc.o
    0x0800e074   0x000000c4   Code   RO          754    .text               stm32f10x_bkp.o
    0x0800e138   0x00000254   Code   RO          841    .text               stm32f10x_dma.o
    0x0800e38c   0x0000011c   Code   RO          853    .text               stm32f10x_exti.o
    0x0800e4a8   0x0000060c   Code   RO          880    .text               stm32f10x_fsmc.o
    0x0800eab4   0x000000cc   Code   RO          922    .text               stm32f10x_pwr.o
    0x0800eb80   0x00000148   Code   RO          934    .text               stm32f10x_rtc.o
    0x0800ecc8   0x000001d4   Code   RO          946    .text               stm32f10x_sdio.o
    0x0800ee9c   0x00000e1a   Code   RO          970    .text               stm32f10x_tim.o
    0x0800fcb6   0x00000002   PAD
    0x0800fcb8   0x00000084   Code   RO          997    .text               bsp.o
    0x0800fd3c   0x000002a8   Code   RO         1012    .text               cpu_core.o
    0x0800ffe4   0x00000034   Code   RO         1050    .text               cpu_a.o
    0x08010018   0x00000256   Code   RO         1053    .text               lib_ascii.o
    0x0801026e   0x00000002   PAD
    0x08010270   0x000009c6   Code   RO         1086    .text               lib_mem.o
    0x08010c36   0x00000002   PAD
    0x08010c38   0x0000092c   Code   RO         1105    .text               lib_str.o
    0x08011564   0x00000220   Code   RO         1122    .text               lib_mem_a.o
    0x08011784   0x000000fc   Code   RO         1125    .text               os_cfg_app.o
    0x08011880   0x00000e04   Code   RO         1148    .text               os_core.o
    0x08012684   0x000001b0   Code   RO         1160    .text               os_dbg.o
    0x08012834   0x00000e28   Code   RO         1175    .text               os_flag.o
    0x0801365c   0x00000444   Code   RO         1187    .text               os_int.o
    0x08013aa0   0x00000238   Code   RO         1199    .text               os_mem.o
    0x08013cd8   0x0000022c   Code   RO         1211    .text               os_msg.o
    0x08013f04   0x00000ad4   Code   RO         1223    .text               os_mutex.o
    0x080149d8   0x0000007c   Code   RO         1241    .text               os_prio.o
    0x08014a54   0x000008d8   Code   RO         1260    .text               os_q.o
    0x0801532c   0x00000830   Code   RO         1272    .text               os_sem.o
    0x08015b5c   0x00000638   Code   RO         1284    .text               os_stat.o
    0x08016194   0x00001bb4   Code   RO         1296    .text               os_task.o
    0x08017d48   0x000004fc   Code   RO         1308    .text               os_tick.o
    0x08018244   0x00000564   Code   RO         1320    .text               os_time.o
    0x080187a8   0x00000818   Code   RO         1332    .text               os_tmr.o
    0x08018fc0   0x0000026c   Code   RO         1361    .text               os_cpu_c.o
    0x0801922c   0x00000754   Code   RO         1394    .text               lora_app.o
    0x08019980   0x00000002   Code   RO         1494    .text               c_w.l(use_no_semi_2.o)
    0x08019982   0x000000ee   Code   RO         1564    .text               c_w.l(lludivv7m.o)
    0x08019a70   0x00000048   Code   RO         1566    .text               c_w.l(llsdiv.o)
    0x08019ab8   0x0000000c   Code   RO         1570    .text               c_w.l(vprintf.o)
    0x08019ac4   0x00000024   Code   RO         1572    .text               c_w.l(vsprintf.o)
    0x08019ae8   0x00000018   Code   RO         1574    .text               c_w.l(__2printf.o)
    0x08019b00   0x0000002c   Code   RO         1576    .text               c_w.l(__2sprintf.o)
    0x08019b2c   0x0000004e   Code   RO         1584    .text               c_w.l(_printf_pad.o)
    0x08019b7a   0x00000052   Code   RO         1586    .text               c_w.l(_printf_str.o)
    0x08019bcc   0x00000078   Code   RO         1588    .text               c_w.l(_printf_dec.o)
    0x08019c44   0x00000094   Code   RO         1608    .text               c_w.l(_printf_hex_int_ll_ptr.o)
    0x08019cd8   0x00000188   Code   RO         1628    .text               c_w.l(__printf_flags_ss_wp.o)
    0x08019e60   0x0000001a   Code   RO         1640    .text               c_w.l(atoi.o)
    0x08019e7a   0x00000024   Code   RO         1642    .text               c_w.l(strstr.o)
    0x08019e9e   0x00000058   Code   RO         1644    .text               c_w.l(memcmp.o)
    0x08019ef6   0x00000048   Code   RO         1646    .text               c_w.l(strcpy.o)
    0x08019f3e   0x0000003e   Code   RO         1648    .text               c_w.l(strlen.o)
    0x08019f7c   0x0000008a   Code   RO         1652    .text               c_w.l(rt_memcpy_v6.o)
    0x0801a006   0x00000064   Code   RO         1654    .text               c_w.l(rt_memcpy_w.o)
    0x0801a06a   0x00000010   Code   RO         1656    .text               c_w.l(aeabi_memset.o)
    0x0801a07a   0x00000044   Code   RO         1658    .text               c_w.l(rt_memclr.o)
    0x0801a0be   0x0000004e   Code   RO         1660    .text               c_w.l(rt_memclr_w.o)
    0x0801a10c   0x00000056   Code   RO         1662    .text               c_w.l(strncpy.o)
    0x0801a162   0x00000002   PAD
    0x0801a164   0x00000080   Code   RO         1664    .text               c_w.l(strcmpv7m.o)
    0x0801a1e4   0x00000006   Code   RO         1666    .text               c_w.l(heapauxi.o)
    0x0801a1ea   0x00000002   Code   RO         1762    .text               c_w.l(use_no_semi.o)
    0x0801a1ec   0x00000010   Code   RO         1767    .text               c_w.l(rt_ctype_table.o)
    0x0801a1fc   0x00000008   Code   RO         1781    .text               c_w.l(rt_errno_addr_intlibspace.o)
    0x0801a204   0x00000016   Code   RO         1803    .text               c_w.l(_rserrno.o)
    0x0801a21a   0x00000024   Code   RO         1805    .text               c_w.l(_printf_truncate.o)
    0x0801a23e   0x000000b2   Code   RO         1807    .text               c_w.l(_printf_intcommon.o)
    0x0801a2f0   0x00000028   Code   RO         1809    .text               c_w.l(_printf_charcount.o)
    0x0801a318   0x0000041a   Code   RO         1811    .text               c_w.l(_printf_fp_dec.o)
    0x0801a732   0x00000002   PAD
    0x0801a734   0x00000030   Code   RO         1813    .text               c_w.l(_printf_char_common.o)
    0x0801a764   0x0000000a   Code   RO         1815    .text               c_w.l(_sputc.o)
    0x0801a76e   0x0000002c   Code   RO         1817    .text               c_w.l(_printf_char.o)
    0x0801a79a   0x00000002   PAD
    0x0801a79c   0x00000024   Code   RO         1819    .text               c_w.l(_printf_char_file.o)
    0x0801a7c0   0x000000bc   Code   RO         1821    .text               c_w.l(_printf_wctomb.o)
    0x0801a87c   0x0000007c   Code   RO         1824    .text               c_w.l(_printf_longlong_dec.o)
    0x0801a8f8   0x00000070   Code   RO         1830    .text               c_w.l(_printf_oct_int_ll.o)
    0x0801a968   0x00000070   Code   RO         1857    .text               c_w.l(strtol.o)
    0x0801a9d8   0x00000008   Code   RO         1966    .text               c_w.l(libspace.o)
    0x0801a9e0   0x00000008   Code   RO         1989    .text               c_w.l(rt_locale_intlibspace.o)
    0x0801a9e8   0x0000008a   Code   RO         1999    .text               c_w.l(lludiv10.o)
    0x0801aa72   0x00000002   PAD
    0x0801aa74   0x000002fc   Code   RO         2003    .text               c_w.l(_printf_fp_hex.o)
    0x0801ad70   0x00000080   Code   RO         2006    .text               c_w.l(_printf_fp_infnan.o)
    0x0801adf0   0x0000002c   Code   RO         2010    .text               c_w.l(_printf_wchar.o)
    0x0801ae1c   0x0000009e   Code   RO         2014    .text               c_w.l(_strtoul.o)
    0x0801aeba   0x00000002   PAD
    0x0801aebc   0x000000dc   Code   RO         2016    .text               c_w.l(bigflt0.o)
    0x0801af98   0x00000008   Code   RO         2041    .text               c_w.l(ferror.o)
    0x0801afa0   0x00000040   Code   RO         2045    .text               c_w.l(_wcrtomb.o)
    0x0801afe0   0x0000004a   Code   RO         2086    .text               c_w.l(sys_stackheap_outer.o)
    0x0801b02a   0x0000001c   Code   RO         2092    .text               c_w.l(_chval.o)
    0x0801b046   0x0000000c   Code   RO         2098    .text               c_w.l(exit.o)
    0x0801b052   0x0000003e   Code   RO         2019    CL$$btod_d2e        c_w.l(btod.o)
    0x0801b090   0x00000046   Code   RO         2021    CL$$btod_d2e_denorm_low  c_w.l(btod.o)
    0x0801b0d6   0x00000060   Code   RO         2020    CL$$btod_d2e_norm_op1  c_w.l(btod.o)
    0x0801b136   0x00000338   Code   RO         2029    CL$$btod_div_common  c_w.l(btod.o)
    0x0801b46e   0x000000c6   Code   RO         2026    CL$$btod_e2e        c_w.l(btod.o)
    0x0801b534   0x00000028   Code   RO         2023    CL$$btod_ediv       c_w.l(btod.o)
    0x0801b55c   0x00000028   Code   RO         2022    CL$$btod_emul       c_w.l(btod.o)
    0x0801b584   0x00000244   Code   RO         2028    CL$$btod_mult_common  c_w.l(btod.o)
    0x0801b7c8   0x00000098   Code   RO         1358    CODE                os_cpu_a.o
    0x0801b860   0x00000028   Code   RO         1951    i.__ARM_fpclassify  m_ws.l(fpclassify.o)
    0x0801b888   0x000000aa   Code   RO         1953    i.__kernel_poly     m_ws.l(poly.o)
    0x0801b932   0x00000006   Code   RO         1938    i.__mathlib_dbl_infnan  m_ws.l(dunder.o)
    0x0801b938   0x00000004   Code   RO         1939    i.__mathlib_dbl_infnan2  m_ws.l(dunder.o)
    0x0801b93c   0x0000000c   Code   RO         1940    i.__mathlib_dbl_invalid  m_ws.l(dunder.o)
    0x0801b948   0x00000010   Code   RO         1943    i.__mathlib_dbl_underflow  m_ws.l(dunder.o)
    0x0801b958   0x0000000e   Code   RO         1621    i._is_digit         c_w.l(__printf_wp.o)
    0x0801b966   0x00000002   PAD
    0x0801b968   0x00000270   Code   RO         1741    i.asin              m_ws.l(asin.o)
    0x0801bbd8   0x00000220   Code   RO         1928    i.atan              m_ws.l(atan.o)
    0x0801bdf8   0x00000180   Code   RO         1751    i.atan2             m_ws.l(atan2.o)
    0x0801bf78   0x0000004c   Code   RO         1957    i.sqrt              m_ws.l(sqrt.o)
    0x0801bfc4   0x0000002c   Code   RO         2048    locale$$code        c_w.l(lc_ctype_c.o)
    0x0801bff0   0x0000002c   Code   RO         2051    locale$$code        c_w.l(lc_numeric_c.o)
    0x0801c01c   0x00000062   Code   RO         1670    x$fpl$d2f           fz_ws.l(d2f.o)
    0x0801c07e   0x00000002   PAD
    0x0801c080   0x00000150   Code   RO         1672    x$fpl$dadd          fz_ws.l(daddsub_clz.o)
    0x0801c1d0   0x00000010   Code   RO         2062    x$fpl$dcheck1       fz_ws.l(dcheck1.o)
    0x0801c1e0   0x000002b0   Code   RO         1679    x$fpl$ddiv          fz_ws.l(ddiv.o)
    0x0801c490   0x0000005e   Code   RO         1682    x$fpl$dfix          fz_ws.l(dfix.o)
    0x0801c4ee   0x00000002   PAD
    0x0801c4f0   0x0000005a   Code   RO         1686    x$fpl$dfixu         fz_ws.l(dfixu.o)
    0x0801c54a   0x0000002e   Code   RO         1691    x$fpl$dflt          fz_ws.l(dflt_clz.o)
    0x0801c578   0x00000026   Code   RO         1690    x$fpl$dfltu         fz_ws.l(dflt_clz.o)
    0x0801c59e   0x00000002   PAD
    0x0801c5a0   0x00000154   Code   RO         1698    x$fpl$dmul          fz_ws.l(dmul.o)
    0x0801c6f4   0x0000009c   Code   RO         1908    x$fpl$dnaninf       fz_ws.l(dnaninf.o)
    0x0801c790   0x0000000c   Code   RO         1910    x$fpl$dretinf       fz_ws.l(dretinf.o)
    0x0801c79c   0x00000016   Code   RO         1673    x$fpl$drsb          fz_ws.l(daddsub_clz.o)
    0x0801c7b2   0x00000002   PAD
    0x0801c7b4   0x000001cc   Code   RO         2064    x$fpl$dsqrt         fz_ws.l(dsqrt_noumaal.o)
    0x0801c980   0x000001d4   Code   RO         1674    x$fpl$dsub          fz_ws.l(daddsub_clz.o)
    0x0801cb54   0x00000056   Code   RO         1702    x$fpl$f2d           fz_ws.l(f2d.o)
    0x0801cbaa   0x00000002   PAD
    0x0801cbac   0x000000c4   Code   RO         1704    x$fpl$fadd          fz_ws.l(faddsub_clz.o)
    0x0801cc70   0x00000018   Code   RO         1912    x$fpl$fcmpinf       fz_ws.l(fcmpi.o)
    0x0801cc88   0x00000184   Code   RO         1711    x$fpl$fdiv          fz_ws.l(fdiv.o)
    0x0801ce0c   0x00000068   Code   RO         1714    x$fpl$feqf          fz_ws.l(feqf.o)
    0x0801ce74   0x00000036   Code   RO         1716    x$fpl$ffix          fz_ws.l(ffix.o)
    0x0801ceaa   0x00000002   PAD
    0x0801ceac   0x0000003e   Code   RO         1720    x$fpl$ffixu         fz_ws.l(ffixu.o)
    0x0801ceea   0x00000002   PAD
    0x0801ceec   0x00000030   Code   RO         1725    x$fpl$fflt          fz_ws.l(fflt_clz.o)
    0x0801cf1c   0x00000026   Code   RO         1724    x$fpl$ffltu         fz_ws.l(fflt_clz.o)
    0x0801cf42   0x00000002   PAD
    0x0801cf44   0x00000068   Code   RO         1730    x$fpl$fleqf         fz_ws.l(fleqf.o)
    0x0801cfac   0x00000102   Code   RO         1732    x$fpl$fmul          fz_ws.l(fmul.o)
    0x0801d0ae   0x0000008c   Code   RO         1914    x$fpl$fnaninf       fz_ws.l(fnaninf.o)
    0x0801d13a   0x0000000a   Code   RO         1916    x$fpl$fretinf       fz_ws.l(fretinf.o)
    0x0801d144   0x00000062   Code   RO         1734    x$fpl$frleqf        fz_ws.l(frleqf.o)
    0x0801d1a6   0x00000002   PAD
    0x0801d1a8   0x000000ea   Code   RO         1706    x$fpl$fsub          fz_ws.l(faddsub_clz.o)
    0x0801d292   0x00000004   Code   RO         1736    x$fpl$printf1       fz_ws.l(printf1.o)
    0x0801d296   0x00000004   Code   RO         1918    x$fpl$printf2       fz_ws.l(printf2.o)
    0x0801d29a   0x00000064   Code   RO         2120    x$fpl$retnan        fz_ws.l(retnan.o)
    0x0801d2fe   0x0000005c   Code   RO         1924    x$fpl$scalbn        fz_ws.l(scalbn.o)
    0x0801d35a   0x00000030   Code   RO         2155    x$fpl$trapveneer    fz_ws.l(trapv.o)
    0x0801d38a   0x00000000   Code   RO         1926    x$fpl$usenofp       fz_ws.l(usenofp.o)
    0x0801d38a   0x00000002   PAD
    0x0801d38c   0x00000028   Data   RO            3    .constdata          main.o
    0x0801d3b4   0x00000cd8   Data   RO          391    .constdata          oled.o
    0x0801e08c   0x00000018   Data   RO          462    .constdata          rtc.o
    0x0801e0a4   0x00000050   Data   RO          524    .constdata          inv_mpu.o
    0x0801e0f4   0x00000bf6   Data   RO          549    .constdata          inv_mpu_dmp_motion_driver.o
    0x0801ecea   0x000017c0   Data   RO          570    .constdata          lcd.o
    0x080204aa   0x00000002   PAD
    0x080204ac   0x00000104   Data   RO         1014    .constdata          cpu_core.o
    0x080205b0   0x00000094   Data   RO         1106    .constdata          lib_str.o
    0x08020644   0x000000a4   Data   RO         1127    .constdata          os_cfg_app.o
    0x080206e8   0x0000016c   Data   RO         1161    .constdata          os_dbg.o
    0x08020854   0x00000028   Data   RO         1609    .constdata          c_w.l(_printf_hex_int_ll_ptr.o)
    0x0802087c   0x00000011   Data   RO         1629    .constdata          c_w.l(__printf_flags_ss_wp.o)
    0x0802088d   0x00000003   PAD
    0x08020890   0x00000050   Data   RO         1742    .constdata          m_ws.l(asin.o)
    0x080208e0   0x00000008   Data   RO         1822    .constdata          c_w.l(_printf_wctomb.o)
    0x080208e8   0x00000098   Data   RO         1929    .constdata          m_ws.l(atan.o)
    0x08020980   0x00000008   Data   RO         1955    .constdata          m_ws.l(qnan.o)
    0x08020988   0x00000026   Data   RO         2004    .constdata          c_w.l(_printf_fp_hex.o)
    0x080209ae   0x00000002   PAD
    0x080209b0   0x00000094   Data   RO         2017    .constdata          c_w.l(bigflt0.o)
    0x08020a44   0x0000004d   Data   RO          525    .conststring        inv_mpu.o
    0x08020a91   0x00000003   PAD
    0x08020a94   0x00000020   Data   RO         2197    Region$$Table       anon$$obj.o
    0x08020ab4   0x00000110   Data   RO         2047    locale$$data        c_w.l(lc_ctype_c.o)
    0x08020bc4   0x0000001c   Data   RO         2050    locale$$data        c_w.l(lc_numeric_c.o)


    Execution Region RW_IRAM1 (Base: 0x20000000, Size: 0x000090b0, Max: 0x00010000, ABSOLUTE, COMPRESSED[0x00000040])

    Base Addr    Size         Type   Attr      Idx    E Section Name        Object

    0x20000000   0x0000000c   Data   RW            4    .data               main.o
    0x2000000c   0x00000014   Data   RW          268    .data               system_stm32f10x.o
    0x20000020   0x00000002   Data   RW          303    .data               usart2.o
    0x20000022   0x00000002   PAD
    0x20000024   0x00000008   Data   RW          326    .data               usart3.o
    0x2000002c   0x00000002   Data   RW          348    .data               uart4.o
    0x2000002e   0x00000004   Data   RW          392    .data               oled.o
    0x20000032   0x00000001   Data   RW          441    .data               key.o
    0x20000033   0x00000001   PAD
    0x20000034   0x00000002   Data   RW          463    .data               rtc.o
    0x20000036   0x00000002   Data   RW          481    .data               mq135.o
    0x20000038   0x00000035   Data   RW          526    .data               inv_mpu.o
    0x2000006d   0x00000001   PAD
    0x2000006e   0x00000004   Data   RW          571    .data               lcd.o
    0x20000072   0x00000002   PAD
    0x20000074   0x00000010   Data   RW          597    .data               sdio_sdcard.o
    0x20000084   0x00000004   Data   RW          622    .data               delay.o
    0x20000088   0x00000006   Data   RW          654    .data               usart.o
    0x2000008e   0x00000014   Data   RW          729    .data               stm32f10x_rcc.o
    0x200000a2   0x00000002   PAD
    0x200000a4   0x00000004   Data   RW         1015    .data               cpu_core.o
    0x200000a8   0x00000004   Data   RW         1088    .data               lib_mem.o
    0x200000ac   0x00000008   Data   RW         1242    .data               os_prio.o
    0x200000b4   0x000000c8   Data   RW         1345    .data               os_var.o
    0x2000017c   0x00000004   Data   RW         1362    .data               os_cpu_c.o
    0x20000180   0x0000001a   Data   RW         1396    .data               lora_app.o
    0x2000019a   0x00000006   PAD
    0x200001a0   0x00004908   Zero   RW            2    .bss                main.o
    0x20004aa8   0x000004b0   Zero   RW          302    .bss                usart2.o
    0x20004f58   0x00000668   Zero   RW          325    .bss                usart3.o
    0x200055c0   0x000004b0   Zero   RW          347    .bss                uart4.o
    0x20005a70   0x0000000a   Zero   RW          461    .bss                rtc.o
    0x20005a7a   0x00000002   PAD
    0x20005a7c   0x00000010   Zero   RW          548    .bss                inv_mpu_dmp_motion_driver.o
    0x20005a8c   0x0000000e   Zero   RW          569    .bss                lcd.o
    0x20005a9a   0x00000006   PAD
    0x20005aa0   0x000002c0   Zero   RW          596    .bss                sdio_sdcard.o
    0x20005d60   0x000000c8   Zero   RW          653    .bss                usart.o
    0x20005e28   0x00000010   Zero   RW         1013    .bss                cpu_core.o
    0x20005e38   0x00000448   Zero   RW         1087    .bss                lib_mem.o
    0x20006280   0x00001490   Zero   RW         1126    .bss                os_cfg_app.o
    0x20007710   0x000006e0   Zero   RW         1344    .bss                os_var.o
    0x20007df0   0x0000005a   Zero   RW         1395    .bss                lora_app.o
    0x20007e4a   0x00000002   PAD
    0x20007e4c   0x00000060   Zero   RW         1967    .bss                c_w.l(libspace.o)
    0x20007eac   0x00000004   PAD
    0x20007eb0   0x00000600   Zero   RW          686    HEAP                startup_stm32f10x_hd.o
    0x200084b0   0x00000c00   Zero   RW          685    STACK               startup_stm32f10x_hd.o



  Load Region LR$$.ARM.__AT_0x68000000 (Base: 0x68000000, Size: 0x00000000, Max: 0x000f0000, ABSOLUTE)

    Execution Region ER$$.ARM.__AT_0x68000000 (Base: 0x68000000, Size: 0x000f0000, Max: 0x000f0000, ABSOLUTE, UNINIT)

    Base Addr    Size         Type   Attr      Idx    E Section Name        Object

    0x68000000   0x000f0000   Zero   RW         1471    .ARM.__AT_0x68000000  malloc.o



  Load Region LR$$.ARM.__AT_0x680F0000 (Base: 0x680f0000, Size: 0x00000000, Max: 0x0000f000, ABSOLUTE)

    Execution Region ER$$.ARM.__AT_0x680F0000 (Base: 0x680f0000, Size: 0x0000f000, Max: 0x0000f000, ABSOLUTE, UNINIT)

    Base Addr    Size         Type   Attr      Idx    E Section Name        Object

    0x680f0000   0x0000f000   Zero   RW         1472    .ARM.__AT_0x680F0000  malloc.o


==============================================================================

Image component sizes


      Code (inc. data)   RO Data    RW Data    ZI Data      Debug   Object Name

        56          6          0          0          0        516   beep.o
       132         12          0          0          0       1167   bsp.o
        52          0          0          0          0        360   cpu_a.o
       680         14        260          4         16      14431   cpu_core.o
       332         28          0          4          0       1841   delay.o
       764         14          0          0          0       2825   dht11.o
      8844        196        157         53          0      23321   inv_mpu.o
      3440        126       3062          0         16      15171   inv_mpu_dmp_motion_driver.o
       672         74          0          1          0       2103   key.o
     19036        162       6080          4         14      21786   lcd.o
        76          8          0          0          0        523   led.o
       598          0          0          0          0       3728   lib_ascii.o
      2502         32          0          4       1096      21868   lib_mem.o
       544          0          0          0          0        508   lib_mem_a.o
      2348          6        148          0          0      13154   lib_str.o
      1876        520          0         26         90       4332   lora_app.o
      5786       1734         40         12      18696     351453   main.o
         0          0          0          0    1044480       1645   malloc.o
       220         22          0          0          0       1885   misc.o
       940         28          0          0          0       4283   mpu6050.o
       588         14          0          0          0       2070   mpuiic.o
         0          0          0          2          0        615   mq135.o
      1904         34       3288          4          0       6973   oled.o
       252        166        164          0       5264      21026   os_cfg_app.o
      3588        294          0          0          0      12097   os_core.o
       152         32          0          0          0        420   os_cpu_a.o
       620         66          0          4          0       3877   os_cpu_c.o
       432        286        364          0          0       4845   os_dbg.o
      3624        110          0          0          0       7759   os_flag.o
      1092        146          0          0          0       2332   os_int.o
       568         20          0          0          0       2732   os_mem.o
       556         12          0          0          0       2791   os_msg.o
      2772        114          0          0          0       5450   os_mutex.o
       124          4          0          8          0       1840   os_prio.o
      2264         76          0          0          0       6128   os_q.o
      2096         70          0          0          0       6144   os_sem.o
      1592        180          0          0          0       2833   os_stat.o
      7092        270          0          0          0      13506   os_task.o
      1276         90          0          0          0       3289   os_tick.o
      1380         46          0          0          0       3229   os_time.o
      2072        140          0          0          0       6330   os_tmr.o
         0          0          0        200       1760      19421   os_var.o
      1236         74         24          2         10       4430   rtc.o
      7216        256          0         16        704      24416   sdio_sdcard.o
        64         26        304          0       4608        820   startup_stm32f10x_hd.o
       196          8          0          0          0       3552   stm32f10x_bkp.o
       596          8          0          0          0       4418   stm32f10x_dma.o
       284         10          0          0          0       2323   stm32f10x_exti.o
      1548         18          0          0          0       5435   stm32f10x_fsmc.o
       860         38          0          0          0       5733   stm32f10x_gpio.o
        22          0          0          0          0       1027   stm32f10x_it.o
       204         14          0          0          0       1955   stm32f10x_pwr.o
       932         36          0         20          0       8940   stm32f10x_rcc.o
       328          4          0          0          0       2710   stm32f10x_rtc.o
       468         22          0          0          0       7176   stm32f10x_sdio.o
      3610         88          0          0          0      22220   stm32f10x_tim.o
      1032         22          0          0          0       8456   stm32f10x_usart.o
        12          0          0          0          0        647   sys.o
       480         38          0         20          0       1827   system_stm32f10x.o
       176          8          0          0          0        964   timer.o
       396         22          0          2       1200       2205   uart4.o
       332         16          0          6        200       3238   usart.o
       480         68          0          2       1200       2186   usart2.o
       868         98          0          8       1640       2867   usart3.o

    ----------------------------------------------------------------------
    104288       6026      13928        412    1081008     740152   Object Totals
         0          0         32          0          0          0   (incl. Generated)
         6          0          5         10         14          0   (incl. Padding)

    ----------------------------------------------------------------------

      Code (inc. data)   RO Data    RW Data    ZI Data      Debug   Library Member Name

        24          4          0          0          0         84   __2printf.o
        44          6          0          0          0         84   __2sprintf.o
        90          0          0          0          0          0   __dczerorl2.o
         8          0          0          0          0         68   __main.o
       392          4         17          0          0         92   __printf_flags_ss_wp.o
        14          0          0          0          0         68   __printf_wp.o
         0          0          0          0          0          0   __rtentry.o
        12          0          0          0          0          0   __rtentry2.o
         6          0          0          0          0          0   __rtentry4.o
        52          8          0          0          0          0   __scatter.o
        28          0          0          0          0          0   __scatter_zi.o
        28          0          0          0          0         68   _chval.o
         6          0          0          0          0          0   _printf_a.o
         6          0          0          0          0          0   _printf_c.o
        44          0          0          0          0        108   _printf_char.o
        48          6          0          0          0         96   _printf_char_common.o
        36          4          0          0          0         80   _printf_char_file.o
        40          0          0          0          0         68   _printf_charcount.o
         6          0          0          0          0          0   _printf_d.o
       120         16          0          0          0         92   _printf_dec.o
         6          0          0          0          0          0   _printf_e.o
         6          0          0          0          0          0   _printf_f.o
      1050          0          0          0          0        216   _printf_fp_dec.o
       764         10         38          0          0        100   _printf_fp_hex.o
       128         16          0          0          0         84   _printf_fp_infnan.o
         6          0          0          0          0          0   _printf_g.o
       148          4         40          0          0        160   _printf_hex_int_ll_ptr.o
         6          0          0          0          0          0   _printf_i.o
       178          0          0          0          0         88   _printf_intcommon.o
        10          0          0          0          0          0   _printf_l.o
         6          0          0          0          0          0   _printf_lc.o
        10          0          0          0          0          0   _printf_ll.o
         6          0          0          0          0          0   _printf_lld.o
         6          0          0          0          0          0   _printf_lli.o
         6          0          0          0          0          0   _printf_llo.o
         6          0          0          0          0          0   _printf_llu.o
         6          0          0          0          0          0   _printf_llx.o
       124         16          0          0          0         92   _printf_longlong_dec.o
         6          0          0          0          0          0   _printf_ls.o
         6          0          0          0          0          0   _printf_n.o
         6          0          0          0          0          0   _printf_o.o
       112          8          0          0          0        124   _printf_oct_int_ll.o
         6          0          0          0          0          0   _printf_p.o
        78          0          0          0          0        108   _printf_pad.o
         0          0          0          0          0          0   _printf_percent.o
         4          0          0          0          0          0   _printf_percent_end.o
         6          0          0          0          0          0   _printf_s.o
        82          0          0          0          0         80   _printf_str.o
        36          0          0          0          0         84   _printf_truncate.o
         6          0          0          0          0          0   _printf_u.o
        44          0          0          0          0        108   _printf_wchar.o
       188          6          8          0          0         92   _printf_wctomb.o
         6          0          0          0          0          0   _printf_x.o
        22          0          0          0          0        100   _rserrno.o
        10          0          0          0          0         68   _sputc.o
       158          0          0          0          0         92   _strtoul.o
        64          0          0          0          0         92   _wcrtomb.o
        16          0          0          0          0         68   aeabi_memset.o
        26          0          0          0          0         80   atoi.o
       220          4        148          0          0         96   bigflt0.o
      1910        128          0          0          0        672   btod.o
        12          0          0          0          0         72   exit.o
         8          0          0          0          0         68   ferror.o
         6          0          0          0          0        152   heapauxi.o
        44         10        272          0          0         76   lc_ctype_c.o
        44         10         28          0          0         76   lc_numeric_c.o
         2          0          0          0          0          0   libinit.o
        30          0          0          0          0          0   libinit2.o
         2          0          0          0          0          0   libshutdown.o
         2          0          0          0          0          0   libshutdown2.o
         8          4          0          0         96         68   libspace.o
        72          0          0          0          0         76   llsdiv.o
       138          0          0          0          0         80   lludiv10.o
       238          0          0          0          0        100   lludivv7m.o
        88          0          0          0          0         76   memcmp.o
        16          4          0          0          0         76   rt_ctype_table.o
         8          4          0          0          0         68   rt_errno_addr_intlibspace.o
         8          4          0          0          0         68   rt_locale_intlibspace.o
        68          0          0          0          0         68   rt_memclr.o
        78          0          0          0          0         80   rt_memclr_w.o
       138          0          0          0          0         68   rt_memcpy_v6.o
       100          0          0          0          0         80   rt_memcpy_w.o
         2          0          0          0          0          0   rtexit.o
        10          0          0          0          0          0   rtexit2.o
       128          0          0          0          0         68   strcmpv7m.o
        72          0          0          0          0         80   strcpy.o
        62          0          0          0          0         76   strlen.o
        86          0          0          0          0         76   strncpy.o
        36          0          0          0          0         80   strstr.o
       112          0          0          0          0         88   strtol.o
        74          0          0          0          0         80   sys_stackheap_outer.o
         2          0          0          0          0         68   use_no_semi.o
         2          0          0          0          0         68   use_no_semi_2.o
        12          4          0          0          0         68   vprintf.o
        36          4          0          0          0         76   vsprintf.o
        98          4          0          0          0         92   d2f.o
       826         16          0          0          0        348   daddsub_clz.o
        16          4          0          0          0         68   dcheck1.o
       688        140          0          0          0        208   ddiv.o
        94          4          0          0          0         92   dfix.o
        90          4          0          0          0         92   dfixu.o
        84          0          0          0          0        136   dflt_clz.o
       340         12          0          0          0        104   dmul.o
       156          4          0          0          0         92   dnaninf.o
        12          0          0          0          0         68   dretinf.o
       460         56          0          0          0        120   dsqrt_noumaal.o
        86          4          0          0          0         84   f2d.o
       430          8          0          0          0        168   faddsub_clz.o
        24          0          0          0          0         68   fcmpi.o
       388         76          0          0          0         96   fdiv.o
       104          4          0          0          0         84   feqf.o
        54          4          0          0          0         84   ffix.o
        62          4          0          0          0         84   ffixu.o
        86          0          0          0          0        136   fflt_clz.o
       104          4          0          0          0         84   fleqf.o
       258          4          0          0          0         84   fmul.o
       140          4          0          0          0         84   fnaninf.o
        10          0          0          0          0         68   fretinf.o
        98          0          0          0          0         68   frleqf.o
         4          0          0          0          0         68   printf1.o
         4          0          0          0          0         68   printf2.o
       100          0          0          0          0         68   retnan.o
        92          0          0          0          0         68   scalbn.o
        48          0          0          0          0         68   trapv.o
         0          0          0          0          0          0   usenofp.o
       624         52         80          0          0        168   asin.o
       544         70        152          0          0        124   atan.o
       384         38          0          0          0        144   atan2.o
        38          6          0          0          0        272   dunder.o
        40          0          0          0          0         68   fpclassify.o
       170          0          0          0          0         96   poly.o
         0          0          8          0          0          0   qnan.o
        76          0          0          0          0         84   sqrt.o

    ----------------------------------------------------------------------
     15100        806        796          0        100       9600   Library Totals
        36          0          5          0          4          0   (incl. Padding)

    ----------------------------------------------------------------------

      Code (inc. data)   RO Data    RW Data    ZI Data      Debug   Library Name

      8232        284        551          0         96       5692   c_w.l
      4956        356          0          0          0       2952   fz_ws.l
      1876        166        240          0          0        956   m_ws.l

    ----------------------------------------------------------------------
     15100        806        796          0        100       9600   Library Totals

    ----------------------------------------------------------------------

==============================================================================


      Code (inc. data)   RO Data    RW Data    ZI Data      Debug   

    119388       6832      14724        412    1081108     738256   Grand Totals
    119388       6832      14724         64    1081108     738256   ELF Image Totals (compressed)
    119388       6832      14724         64          0          0   ROM Totals

==============================================================================

    Total RO  Size (Code + RO Data)               134112 ( 130.97kB)
    Total RW  Size (RW Data + ZI Data)           1081520 (1056.17kB)
    Total ROM Size (Code + RO Data + RW Data)     134176 ( 131.03kB)

==============================================================================

